[19:43:39] Committing...
[main 8ee09f3] wip: .gitignore
 3 files changed, 83 insertions(+), 1 deletion(-)
 create mode 100755 DAY 151/STRECH CODING/Arrays/easy/sort012
 create mode 100644 DAY 151/STRECH CODING/Arrays/easy/sort012.cpp
[19:43:39] Pushing...
To https://github.com/ritishBhatoye/dsa.git
   6037ac4..8ee09f3  main -> main
[19:43:41] Push successful.
[19:45:41] No changes to commit.
[19:47:41] No changes to commit.
[19:49:41] No changes to commit.
[19:51:41] No changes to commit.
[19:53:41] Committing...
[main ef6055c] wip: DAY 151/STRECH CODING/Arrays/easy/moveAllNegToOneSide.cpp
 1 file changed, 23 insertions(+)
 create mode 100644 DAY 151/STRECH CODING/Arrays/easy/moveAllNegToOneSide.cpp
[19:53:41] Pushing...
To https://github.com/ritishBhatoye/dsa.git
   8ee09f3..ef6055c  main -> main
[19:53:43] Push successful.
[19:55:43] Committing...
[main eca2770] wip: DAY 151/STRECH CODING/Arrays/easy/moveAllNegToOneSide.cpp
 1 file changed, 17 insertions(+)
[19:55:43] Pushing...
To https://github.com/ritishBhatoye/dsa.git
   ef6055c..eca2770  main -> main
[19:55:45] Push successful.
[19:57:45] Committing...
[main 37fd3f4] wip: DAY 151/STRECH CODING/Arrays/easy/moveAllNegToOneSide
 2 files changed, 6 insertions(+), 6 deletions(-)
 create mode 100755 DAY 151/STRECH CODING/Arrays/easy/moveAllNegToOneSide
[19:57:45] Pushing...
To https://github.com/ritishBhatoye/dsa.git
   eca2770..37fd3f4  main -> main
[19:57:47] Push successful.
[19:59:47] Committing...
[main b531ccd] wip: DAY 151/STRECH CODING/Arrays/easy/moveAllNegToOneSide
 2 files changed, 6 insertions(+), 1 deletion(-)
[19:59:47] Pushing...
To https://github.com/ritishBhatoye/dsa.git
   37fd3f4..b531ccd  main -> main
[19:59:49] Push successful.
[20:01:49] No changes to commit.
[20:03:49] No changes to commit.
[20:05:49] No changes to commit.
[20:07:49] No changes to commit.
[20:09:49] No changes to commit.
[20:11:50] No changes to commit.
[20:13:50] No changes to commit.
[20:15:50] No changes to commit.
[20:17:50] No changes to commit.
[20:19:50] No changes to commit.
[20:21:50] No changes to commit.
[20:23:50] No changes to commit.
[20:25:50] No changes to commit.
[20:27:50] Committing...
[main e6db7e5] wip: DAY 151/STRECH CODING/Arrays/easy/moveAllNegToOneSide
 2 files changed, 5 insertions(+), 2 deletions(-)
[20:27:50] Pushing...
To https://github.com/ritishBhatoye/dsa.git
   b531ccd..e6db7e5  main -> main
[20:27:52] Push successful.
[20:29:52] No changes to commit.
[20:31:52] No changes to commit.
[20:33:52] Committing...
[main a08c9f1] wip: DAY 151/STRECH CODING/Arrays/easy/moveAllNegToOneSide.cpp
 1 file changed, 4 insertions(+), 14 deletions(-)
[20:33:52] Pushing...
To https://github.com/ritishBhatoye/dsa.git
   e6db7e5..a08c9f1  main -> main
[20:33:54] Push successful.
[20:35:54] Committing...
[main 52a66ba] wip: DAY 151/STRECH CODING/Arrays/easy/moveAllNegToOneSide.cpp
 1 file changed, 10 insertions(+), 3 deletions(-)
[20:35:54] Pushing...
To https://github.com/ritishBhatoye/dsa.git
   a08c9f1..52a66ba  main -> main
[20:35:56] Push successful.
[20:37:56] Committing...
[main 71210f5] wip: DAY 151/STRECH CODING/Arrays/easy/moveAllNegToOneSide.cpp
 1 file changed, 3 insertions(+), 13 deletions(-)
[20:37:56] Pushing...
To https://github.com/ritishBhatoye/dsa.git
   52a66ba..71210f5  main -> main
[20:37:58] Push successful.
[20:39:58] Committing...
[main 53d135e] wip: DAY 151/STRECH CODING/Arrays/easy/moveAllNegToOneSide.cpp
 1 file changed, 38 insertions(+), 1 deletion(-)
[20:39:58] Pushing...
To https://github.com/ritishBhatoye/dsa.git
   71210f5..53d135e  main -> main
[20:40:00] Push successful.
[20:42:00] Committing...
[main ac0959b] wip: DAY 151/STRECH CODING/Arrays/easy/moveAllNegToOneSide
 2 files changed, 6 insertions(+), 2 deletions(-)
[20:42:00] Pushing...
To https://github.com/ritishBhatoye/dsa.git
   53d135e..ac0959b  main -> main
[20:42:02] Push successful.
[20:44:02] Committing...
[main 14a98d7] wip: DAY 151/STRECH CODING/Arrays/easy/moveAllNegToOneSide
 2 files changed, 7 insertions(+), 3 deletions(-)
[20:44:02] Pushing...
To https://github.com/ritishBhatoye/dsa.git
   ac0959b..14a98d7  main -> main
[20:44:04] Push successful.
[20:46:04] No changes to commit.
[20:48:04] No changes to commit.
[20:50:04] Cooldown active (9 / 120 s), skipping push.
[20:52:04] No changes to commit.
[20:54:04] No changes to commit.
[20:56:04] No changes to commit.
[20:58:04] No changes to commit.
[21:00:04] No changes to commit.
[21:02:04] No changes to commit.
[21:04:04] No changes to commit.
[21:06:04] No changes to commit.
[21:08:04] No changes to commit.
[21:10:04] No changes to commit.
[21:12:04] No changes to commit.
[21:14:04] Cooldown active (6 / 120 s), skipping push.
[21:16:04] Cooldown active (4 / 120 s), skipping push.
[21:18:04] Cooldown active (2 / 120 s), skipping push.
[21:20:05] No changes to commit.
[21:22:05] Committing...
[main 583ee52] wip: DAY 151/STRECH CODING/Arrays/easy/major.cpp
 1 file changed, 10 insertions(+), 1 deletion(-)
[21:22:05] Pushing...
To https://github.com/ritishBhatoye/dsa.git
   b39be8e..583ee52  main -> main
[21:22:06] Push successful.
[21:24:06] No changes to commit.
[21:26:06] No changes to commit.
[21:28:06] No changes to commit.
[21:30:06] No changes to commit.
[21:32:07] No changes to commit.
[21:34:12] No changes to commit.
[21:49:06] No changes to commit.
[21:51:06] No changes to commit.
[21:53:06] No changes to commit.
[21:55:06] No changes to commit.
[21:57:07] No changes to commit.
[21:59:07] No changes to commit.
[22:01:07] No changes to commit.
[22:03:07] No changes to commit.
[22:05:07] No changes to commit.
[22:07:07] No changes to commit.
[22:09:07] No changes to commit.
[22:11:07] No changes to commit.
[22:13:07] No changes to commit.
[22:15:07] No changes to commit.
[22:17:07] No changes to commit.
[22:19:08] Committing...
fatal: Unable to create '/Users/ritishbhatoye/Documents/dsa/.git/index.lock': File exists.

Another git process seems to be running in this repository, e.g.
an editor opened by 'git commit'. Please make sure all processes
are terminated then try again. If it still fails, a git process
may have crashed in this repository earlier:
remove the file manually to continue.
[main 5d208cd] wip: DAY 151/STRECH CODING/Arrays/easy/major.cpp
 1 file changed, 10 insertions(+), 2 deletions(-)
[22:19:08] Pushing...
To https://github.com/ritishBhatoye/dsa.git
   583ee52..5d208cd  main -> main
[22:19:09] Push successful.
[22:21:09] Committing...
[main dda2966] wip: DAY 151/STRECH CODING/Arrays/easy/major.cpp
 1 file changed, 1 insertion(+), 1 deletion(-)
[22:21:10] Pushing...
To https://github.com/ritishBhatoye/dsa.git
   61e3c62..dda2966  main -> main
[22:21:11] Push successful.
[22:23:11] No changes to commit.
[22:25:11] Committing...
fatal: Unable to create '/Users/ritishbhatoye/Documents/dsa/.git/index.lock': File exists.

Another git process seems to be running in this repository, e.g.
an editor opened by 'git commit'. Please make sure all processes
are terminated then try again. If it still fails, a git process
may have crashed in this repository earlier:
remove the file manually to continue.
[main 0f1871e] wip: DAY 151/STRECH CODING/Arrays/easy/major.cpp
 1 file changed, 14 insertions(+), 1 deletion(-)
[22:25:11] Pushing...
To https://github.com/ritishBhatoye/dsa.git
   56046bf..0f1871e  main -> main
[22:25:13] Push successful.
[22:27:13] No changes to commit.
[22:29:13] No changes to commit.
[22:31:13] No changes to commit.
[22:33:13] No changes to commit.
[22:35:14] No changes to commit.
[22:41:33] No changes to commit.
[23:20:54] Committing...
fatal: Unable to create '/Users/ritishbhatoye/Documents/dsa/.git/index.lock': File exists.

Another git process seems to be running in this repository, e.g.
an editor opened by 'git commit'. Please make sure all processes
are terminated then try again. If it still fails, a git process
may have crashed in this repository earlier:
remove the file manually to continue.
[23:20:54] Commit failed.
[23:22:54] Committing...
[main ef6ab4f] wip: DAY 151/STRECH CODING/Arrays/easy/major.cpp
 1 file changed, 5 insertions(+), 2 deletions(-)
[23:22:54] Pushing...
To https://github.com/ritishBhatoye/dsa.git
   c6b740c..ef6ab4f  main -> main
[23:22:56] Push successful.
[23:24:56] No changes to commit.
[23:26:56] Committing...
[main 3e54466] wip: DAY 151/STRECH CODING/Arrays/easy/major.cpp
 1 file changed, 17 insertions(+)
[23:26:56] Pushing...
To https://github.com/ritishBhatoye/dsa.git
   6864b2e..3e54466  main -> main
[23:26:58] Push successful.
[23:28:58] No changes to commit.
[23:30:58] No changes to commit.
[23:32:58] Committing...
[main f22dd8d] wip: DAY 151/STRECH CODING/Arrays/easy/major.cpp
 1 file changed, 5 insertions(+), 4 deletions(-)
[23:32:59] Pushing...
To https://github.com/ritishBhatoye/dsa.git
   e57d6c8..f22dd8d  main -> main
[23:33:00] Push successful.
[23:35:00] No changes to commit.
[23:37:00] Committing...
[main 4d208a2] wip: DAY 151/STRECH CODING/Arrays/easy/major.cpp
 1 file changed, 8 insertions(+), 1 deletion(-)
[23:37:00] Pushing...
To https://github.com/ritishBhatoye/dsa.git
   85ed7f7..4d208a2  main -> main
[23:37:02] Push successful.
[23:39:02] Committing...
[main ddd2117] wip: DAY 151/STRECH CODING/Arrays/easy/major.cpp
 1 file changed, 16 insertions(+), 2 deletions(-)
[23:39:02] Pushing...
To https://github.com/ritishBhatoye/dsa.git
   f123471..ddd2117  main -> main
[23:39:04] Push successful.
[23:41:04] Committing...
On branch main
Your branch is ahead of 'origin/main' by 1 commit.
  (use "git push" to publish your local commits)

nothing to commit, working tree clean
[23:41:04] Commit failed.
[23:43:04] Committing...
[main 888d863] wip: DAY 151/STRECH CODING/Arrays/easy/major.cpp
 1 file changed, 2 insertions(+), 1 deletion(-)
[23:43:04] Pushing...
To https://github.com/ritishBhatoye/dsa.git
   ca79016..888d863  main -> main
[23:43:06] Push successful.
[23:45:06] Committing...
[main 50dd424] wip: DAY 151/STRECH CODING/Arrays/easy/major.cpp
 1 file changed, 3 insertions(+), 1 deletion(-)
[23:45:06] Pushing...
To https://github.com/ritishBhatoye/dsa.git
   888d863..50dd424  main -> main
[23:45:08] Push successful.
[23:47:08] No changes to commit.
[23:49:08] Committing...
fatal: Unable to create '/Users/ritishbhatoye/Documents/dsa/.git/index.lock': File exists.

Another git process seems to be running in this repository, e.g.
an editor opened by 'git commit'. Please make sure all processes
are terminated then try again. If it still fails, a git process
may have crashed in this repository earlier:
remove the file manually to continue.
[23:49:08] Commit failed.
[23:51:08] Committing...
[main d58b984] wip: DAY 151/STRECH CODING/Arrays/easy/major.cpp
 1 file changed, 3 insertions(+), 1 deletion(-)
[23:51:08] Pushing...
To https://github.com/ritishBhatoye/dsa.git
   c7db4fe..d58b984  main -> main
[23:51:10] Push successful.
[23:53:10] Committing...
[main 7113fae] wip: DAY 151/STRECH CODING/Arrays/easy/major.cpp
 1 file changed, 2 insertions(+)
[23:53:10] Pushing...
To https://github.com/ritishBhatoye/dsa.git
   d58b984..7113fae  main -> main
[23:53:12] Push successful.
[23:55:12] No changes to commit.
[23:57:12] Committing...
[main a8794a5] wip: DAY 151/STRECH CODING/Arrays/easy/major.cpp
 1 file changed, 2 insertions(+), 1 deletion(-)
[23:57:12] Pushing...
To https://github.com/ritishBhatoye/dsa.git
   51a6b99..a8794a5  main -> main
[23:57:14] Push successful.
[23:59:14] Committing...
[main a926131] wip: DAY 151/STRECH CODING/Arrays/easy/major.cpp
 1 file changed, 1 insertion(+), 1 deletion(-)
[23:59:14] Pushing...
To https://github.com/ritishBhatoye/dsa.git
   fb1850b..a926131  main -> main
[23:59:16] Push successful.
[00:01:16] No changes to commit.
[00:03:16] Committing...
[main ec5072d] wip: DAY 151/STRECH CODING/Arrays/easy/major.cpp
 1 file changed, 6 insertions(+), 1 deletion(-)
[00:03:16] Pushing...
To https://github.com/ritishBhatoye/dsa.git
   3010ae9..ec5072d  main -> main
[00:03:18] Push successful.
[00:05:18] Committing...
[main 3fe0619] wip: DAY 151/STRECH CODING/Arrays/easy/major.cpp
 1 file changed, 1 insertion(+), 1 deletion(-)
[00:05:18] Pushing...
To https://github.com/ritishBhatoye/dsa.git
 ! [remote rejected] main -> main (cannot lock ref 'refs/heads/main': is at f3e6de1d6355d53e81fc7106c02529568fb2f7b4 but expected ec5072d4958cd9d3cec4c9cae4e744c86023150b)
error: failed to push some refs to 'https://github.com/ritishBhatoye/dsa.git'
[00:05:19] Push failed.
[00:07:19] No changes to commit.
[02:06:33] Committing...
[main 71107c5] wip: DAY 151/STRECH CODING/Arrays/easy/major
 2 files changed, 1 insertion(+)
[02:06:33] Pushing...
fatal: unable to access 'https://github.com/ritishBhatoye/dsa.git/': Could not resolve host: github.com
[02:09:42] Push failed.
[05:06:44] No changes to commit.
[06:11:36] No changes to commit.
[08:08:49] No changes to commit.
[08:47:57] No changes to commit.
[08:49:57] No changes to commit.
[09:37:27] No changes to commit.
[10:38:54] No changes to commit.
[10:58:41] No changes to commit.
[11:00:41] No changes to commit.
[11:28:34] No changes to commit.
[11:30:34] No changes to commit.
[11:34:05] No changes to commit.
[11:51:04] No changes to commit.
[12:05:23] No changes to commit.
[12:07:23] No changes to commit.
[12:24:21] No changes to commit.
[12:26:21] No changes to commit.
[12:28:21] No changes to commit.
[12:45:20] No changes to commit.
[12:47:20] No changes to commit.
[13:06:20] No changes to commit.
[13:23:18] No changes to commit.
[13:25:18] No changes to commit.
[13:27:19] No changes to commit.
[13:29:19] No changes to commit.
[13:31:19] No changes to commit.
[13:33:19] No changes to commit.
[13:35:19] No changes to commit.
[13:37:19] No changes to commit.
[13:39:19] No changes to commit.
[13:41:19] No changes to commit.
[13:43:19] No changes to commit.
[13:45:19] No changes to commit.
[13:47:19] No changes to commit.
[13:49:19] No changes to commit.
[13:51:19] No changes to commit.
[13:53:19] No changes to commit.
[13:55:19] No changes to commit.
[13:57:19] No changes to commit.
[13:59:19] No changes to commit.
[14:01:19] No changes to commit.
[14:03:19] No changes to commit.
[14:05:19] No changes to commit.
[14:07:19] No changes to commit.
[14:09:19] No changes to commit.
[14:11:20] No changes to commit.
[14:13:20] No changes to commit.
[14:15:20] No changes to commit.
[14:17:20] No changes to commit.
[14:19:20] No changes to commit.
[14:21:20] No changes to commit.
[14:39:37] No changes to commit.
[15:07:38] No changes to commit.
[15:09:38] No changes to commit.
[15:19:11] No changes to commit.
[15:21:11] No changes to commit.
[15:23:11] No changes to commit.
[15:25:11] No changes to commit.
[15:27:11] No changes to commit.
[15:29:11] No changes to commit.
[15:31:11] No changes to commit.
[15:33:11] No changes to commit.
[15:35:12] No changes to commit.
[15:37:12] No changes to commit.
[15:39:12] No changes to commit.
[15:41:12] No changes to commit.
[15:43:12] No changes to commit.
[15:45:12] No changes to commit.
[15:47:12] No changes to commit.
[15:49:12] No changes to commit.
[15:51:12] No changes to commit.
[15:53:12] No changes to commit.
[15:55:12] No changes to commit.
[15:57:12] No changes to commit.
[15:59:12] No changes to commit.
[16:01:12] No changes to commit.
[16:03:12] No changes to commit.
[16:05:12] No changes to commit.
[16:07:12] No changes to commit.
[16:09:12] No changes to commit.
[16:11:12] No changes to commit.
[16:13:12] No changes to commit.
[16:15:12] No changes to commit.
[16:17:13] No changes to commit.
[16:19:13] No changes to commit.
[16:21:13] No changes to commit.
[16:26:43] No changes to commit.
[16:46:09] No changes to commit.
[16:48:09] No changes to commit.
[16:50:09] No changes to commit.
[16:52:09] No changes to commit.
[16:54:09] No changes to commit.
[16:56:09] No changes to commit.
[16:58:09] No changes to commit.
[17:00:09] No changes to commit.
[17:02:09] No changes to commit.
[17:04:09] No changes to commit.
[17:06:10] No changes to commit.
[17:08:10] No changes to commit.
[17:10:10] No changes to commit.
[17:12:10] No changes to commit.
[17:14:10] No changes to commit.
[17:16:10] No changes to commit.
[17:18:10] No changes to commit.
[17:20:10] No changes to commit.
[17:22:10] No changes to commit.
[17:24:10] No changes to commit.
[17:26:10] No changes to commit.
[17:28:10] No changes to commit.
[17:30:10] No changes to commit.
[17:32:10] No changes to commit.
[17:34:10] No changes to commit.
[17:36:10] No changes to commit.
[17:38:10] No changes to commit.
[17:40:10] No changes to commit.
[17:42:10] No changes to commit.
[17:44:10] No changes to commit.
[17:46:10] No changes to commit.
[17:48:11] No changes to commit.
[17:50:11] No changes to commit.
[17:52:11] No changes to commit.
[17:54:11] No changes to commit.
[17:56:09] No changes to commit.
[17:58:09] Cooldown active (27 / 120 s), skipping push.
[18:00:09] Cooldown active (25 / 120 s), skipping push.
[18:02:09] No changes to commit.
[18:04:09] No changes to commit.
[18:06:09] No changes to commit.
[18:08:09] Cooldown active (22 / 120 s), skipping push.
[18:10:10] Cooldown active (21 / 120 s), skipping push.
[18:12:10] Cooldown active (19 / 120 s), skipping push.
[18:14:10] No changes to commit.
[18:16:10] Cooldown active (17 / 120 s), skipping push.
[18:18:10] Cooldown active (15 / 120 s), skipping push.
[18:20:10] No changes to commit.
[18:22:10] Cooldown active (13 / 120 s), skipping push.
[18:24:10] Cooldown active (11 / 120 s), skipping push.
[18:26:10] Cooldown active (8 / 120 s), skipping push.
[18:28:10] Cooldown active (6 / 120 s), skipping push.
[18:30:10] No changes to commit.
[18:32:10] No changes to commit.
[18:34:10] No changes to commit.
[18:36:10] No changes to commit.
[18:38:10] Cooldown active (4 / 120 s), skipping push.
[18:40:10] No changes to commit.
[18:42:10] Committing...
fatal: Unable to create '/Users/ritishbhatoye/Documents/dsa/.git/index.lock': File exists.

Another git process seems to be running in this repository, e.g.
an editor opened by 'git commit'. Please make sure all processes
are terminated then try again. If it still fails, a git process
may have crashed in this repository earlier:
remove the file manually to continue.
[18:42:10] Commit failed.
[18:44:10] Committing...
[main 64623e0] wip: DAY 151/STRECH CODING/Arrays/easy/major.cpp
 1 file changed, 7 insertions(+)
[18:44:10] Pushing...
To https://github.com/ritishBhatoye/dsa.git
   bdd8b2e..64623e0  main -> main
[18:44:12] Push successful.
[18:46:12] No changes to commit.
[18:48:13] Committing...
[main 53e1f31] wip: DAY 151/STRECH CODING/Arrays/easy/major
 2 files changed, 12 insertions(+), 1 deletion(-)
[18:48:13] Pushing...
To https://github.com/ritishBhatoye/dsa.git
   c24226b..53e1f31  main -> main
[18:48:15] Push successful.
[18:50:15] Committing...
[main 75c582c] wip: DAY 151/STRECH CODING/Arrays/easy/major
 2 files changed, 6 insertions(+), 3 deletions(-)
[18:50:15] Pushing...
To https://github.com/ritishBhatoye/dsa.git
   275be84..75c582c  main -> main
[18:50:17] Push successful.
[18:52:17] No changes to commit.
[18:54:17] Committing...
[main 474a5fe] wip: DAY 151/STRECH CODING/Arrays/easy/major
 2 files changed, 1 insertion(+), 1 deletion(-)
[18:54:17] Pushing...
To https://github.com/ritishBhatoye/dsa.git
   a8ffccf..474a5fe  main -> main
[18:54:19] Push successful.
[18:56:19] No changes to commit.
[18:58:19] Committing...
[main e9b9662] wip: DAY 151/STRECH CODING/Arrays/easy/major.cpp
 1 file changed, 1 insertion(+), 1 deletion(-)
[18:58:19] Pushing...
To https://github.com/ritishBhatoye/dsa.git
   be6ba21..e9b9662  main -> main
[18:58:21] Push successful.
[19:00:21] No changes to commit.
[19:02:21] Committing...
[main 97e94bd] wip: DAY 151/STRECH CODING/Arrays/easy/major
 2 files changed, 3 insertions(+), 1 deletion(-)
[19:02:21] Pushing...
To https://github.com/ritishBhatoye/dsa.git
   b3d29c0..97e94bd  main -> main
[19:02:23] Push successful.
[19:04:23] No changes to commit.
[19:06:23] Committing...
[main efb4c9f] wip: DAY 151/STRECH CODING/Arrays/easy/major
 2 files changed, 1 insertion(+), 1 deletion(-)
[19:06:24] Pushing...
To https://github.com/ritishBhatoye/dsa.git
   81b1d88..efb4c9f  main -> main
[19:06:26] Push successful.
[19:08:26] No changes to commit.
[19:10:26] No changes to commit.
[19:12:26] No changes to commit.
[19:14:26] No changes to commit.
[19:16:26] No changes to commit.
[19:18:26] No changes to commit.
[19:20:26] No changes to commit.
[19:22:26] No changes to commit.
[19:24:26] No changes to commit.
[19:26:26] No changes to commit.
[19:28:26] No changes to commit.
[19:30:26] No changes to commit.
[19:32:26] No changes to commit.
[19:34:26] No changes to commit.
[19:36:26] No changes to commit.
[19:38:27] No changes to commit.
[19:40:31] No changes to commit.
[19:59:53] No changes to commit.
[20:01:53] No changes to commit.
[20:03:53] No changes to commit.
[20:05:53] No changes to commit.
[20:07:53] No changes to commit.
[20:09:54] No changes to commit.
[20:11:54] No changes to commit.
[20:13:54] No changes to commit.
[20:16:22] No changes to commit.
[20:43:03] No changes to commit.
[20:54:06] No changes to commit.
[20:56:28] No changes to commit.
[20:58:28] No changes to commit.
[21:00:28] No changes to commit.
[21:02:29] No changes to commit.
[21:04:29] No changes to commit.
[21:06:29] No changes to commit.
[21:08:29] No changes to commit.
[21:10:29] No changes to commit.
[21:12:29] No changes to commit.
[21:14:29] No changes to commit.
[21:16:29] No changes to commit.
[21:18:29] No changes to commit.
[21:20:29] No changes to commit.
[21:22:29] No changes to commit.
[21:24:30] No changes to commit.
[21:26:31] No changes to commit.
[21:28:31] No changes to commit.
[21:30:31] No changes to commit.
[21:32:31] No changes to commit.
[21:34:31] No changes to commit.
[21:36:31] No changes to commit.
[21:38:31] No changes to commit.
[21:40:31] No changes to commit.
[21:42:31] No changes to commit.
[21:44:31] No changes to commit.
[21:46:31] No changes to commit.
[21:48:32] No changes to commit.
[21:50:32] No changes to commit.
[21:52:32] No changes to commit.
[21:54:32] No changes to commit.
[21:56:32] No changes to commit.
[21:58:32] No changes to commit.
[22:00:32] No changes to commit.
[22:02:32] No changes to commit.
[22:04:32] No changes to commit.
[22:06:32] No changes to commit.
[22:08:32] No changes to commit.
[22:10:33] No changes to commit.
[22:12:33] No changes to commit.
[22:14:33] No changes to commit.
[22:16:33] No changes to commit.
[22:18:33] No changes to commit.
[22:20:33] No changes to commit.
[22:22:33] No changes to commit.
[22:24:33] No changes to commit.
[22:26:33] No changes to commit.
[22:28:33] No changes to commit.
[22:30:34] No changes to commit.
[22:32:34] No changes to commit.
[22:34:34] No changes to commit.
[22:36:34] No changes to commit.
[22:38:34] No changes to commit.
[22:40:34] No changes to commit.
[22:42:34] No changes to commit.
[22:44:34] No changes to commit.
[22:46:34] No changes to commit.
[22:48:34] No changes to commit.
[22:50:34] No changes to commit.
[22:52:35] No changes to commit.
[22:54:35] No changes to commit.
[22:56:35] No changes to commit.
[22:58:35] No changes to commit.
[23:00:35] No changes to commit.
[23:05:03] No changes to commit.
[23:07:03] No changes to commit.
[23:09:03] No changes to commit.
[23:11:03] No changes to commit.
[23:13:04] No changes to commit.
[23:15:04] No changes to commit.
[23:17:04] No changes to commit.
[23:19:04] No changes to commit.
[23:21:04] No changes to commit.
[23:23:04] No changes to commit.
[23:25:04] No changes to commit.
[23:27:04] No changes to commit.
[23:29:04] No changes to commit.
[23:31:04] No changes to commit.
[23:33:04] No changes to commit.
[23:35:05] No changes to commit.
[23:37:05] No changes to commit.
[23:39:05] No changes to commit.
[23:41:05] No changes to commit.
[23:43:05] No changes to commit.
[23:45:05] No changes to commit.
[23:47:05] No changes to commit.
[23:49:05] No changes to commit.
[23:51:05] No changes to commit.
[01:30:56] No changes to commit.
[01:48:01] No changes to commit.
[01:54:25] No changes to commit.
[03:27:19] No changes to commit.
[07:50:50] No changes to commit.
[09:17:54] No changes to commit.
[11:09:49] No changes to commit.
[14:11:56] No changes to commit.
[15:15:34] No changes to commit.
[15:34:20] No changes to commit.
[15:57:44] No changes to commit.
[18:16:09] No changes to commit.
[20:20:31] No changes to commit.
[20:22:31] No changes to commit.
[23:52:38] No changes to commit.
[00:24:01] No changes to commit.
[00:27:05] No changes to commit.
[00:29:05] No changes to commit.
[00:31:05] No changes to commit.
[00:33:06] No changes to commit.
[00:35:06] No changes to commit.
[00:37:06] No changes to commit.
[00:39:06] No changes to commit.
[00:41:06] No changes to commit.
[00:43:06] No changes to commit.
[00:45:06] No changes to commit.
[00:47:06] No changes to commit.
[00:49:06] No changes to commit.
[00:51:06] No changes to commit.
[00:53:06] No changes to commit.
[00:55:07] No changes to commit.
[10:48:24] No changes to commit.
[10:50:39] No changes to commit.
[11:07:39] No changes to commit.
[11:24:47] No changes to commit.
[12:17:44] No changes to commit.
[12:41:27] No changes to commit.
[13:14:52] No changes to commit.
[15:09:32] No changes to commit.
[15:38:52] No changes to commit.
[16:38:09] No changes to commit.
[16:40:09] No changes to commit.
[18:12:28] No changes to commit.
[19:05:40] No changes to commit.
[19:50:56] No changes to commit.
[20:07:53] No changes to commit.
[20:09:53] No changes to commit.
[20:11:53] No changes to commit.
[21:36:20] No changes to commit.
[22:46:06] No changes to commit.
[22:48:06] No changes to commit.
[22:50:06] No changes to commit.
[22:52:06] No changes to commit.
[22:54:06] No changes to commit.
[22:56:06] No changes to commit.
[22:58:06] No changes to commit.
[23:00:06] No changes to commit.
[23:02:06] No changes to commit.
[23:04:07] No changes to commit.
[23:06:07] No changes to commit.
[23:08:07] No changes to commit.
[23:10:07] No changes to commit.
[23:12:07] No changes to commit.
[23:14:07] No changes to commit.
[23:16:07] No changes to commit.
[23:18:07] No changes to commit.
[23:20:07] No changes to commit.
[23:22:07] No changes to commit.
[23:24:08] No changes to commit.
[23:26:08] No changes to commit.
[23:28:08] No changes to commit.
[23:30:08] No changes to commit.
[23:32:08] No changes to commit.
[23:34:08] No changes to commit.
[23:36:08] No changes to commit.
[23:38:08] No changes to commit.
[23:40:36] No changes to commit.
[23:44:10] No changes to commit.
[23:46:10] No changes to commit.
[23:48:10] No changes to commit.
[23:50:10] No changes to commit.
[23:52:10] No changes to commit.
[23:54:10] No changes to commit.
[23:56:11] No changes to commit.
[23:58:11] No changes to commit.
[00:00:11] No changes to commit.
[00:02:11] No changes to commit.
[00:04:11] No changes to commit.
[00:06:11] No changes to commit.
[00:08:11] No changes to commit.
[00:10:11] No changes to commit.
[00:12:11] No changes to commit.
[00:14:11] No changes to commit.
[00:16:12] No changes to commit.
[00:18:12] No changes to commit.
[00:20:12] No changes to commit.
[00:22:12] No changes to commit.
[00:24:12] No changes to commit.
[00:26:12] No changes to commit.
[00:28:12] No changes to commit.
[00:30:12] No changes to commit.
[00:32:12] No changes to commit.
[00:34:12] No changes to commit.
[00:36:12] No changes to commit.
[00:38:13] No changes to commit.
[00:40:13] No changes to commit.
[00:42:13] No changes to commit.
[00:44:13] No changes to commit.
[00:46:13] No changes to commit.
[00:48:13] No changes to commit.
[00:50:13] No changes to commit.
[00:52:13] No changes to commit.
[00:54:13] No changes to commit.
[00:56:13] No changes to commit.
[00:58:13] No changes to commit.
[01:00:14] No changes to commit.
[01:02:14] No changes to commit.
[01:04:14] No changes to commit.
[01:06:14] No changes to commit.
[01:08:14] No changes to commit.
[01:10:14] No changes to commit.
[01:12:14] No changes to commit.
[01:14:14] No changes to commit.
[01:16:14] No changes to commit.
[03:18:05] No changes to commit.
[08:04:54] No changes to commit.
[09:32:51] No changes to commit.
[11:05:33] No changes to commit.
[11:07:33] No changes to commit.
[11:09:34] No changes to commit.
[11:11:34] No changes to commit.
[11:13:34] No changes to commit.
[11:15:34] No changes to commit.
[11:17:34] No changes to commit.
[11:19:34] No changes to commit.
[11:21:34] No changes to commit.
[11:23:35] No changes to commit.
[11:25:35] No changes to commit.
[11:27:36] No changes to commit.
[11:29:36] No changes to commit.
[11:31:36] No changes to commit.
[11:33:36] No changes to commit.
[11:35:36] No changes to commit.
[11:37:36] No changes to commit.
[11:39:36] No changes to commit.
[11:41:36] No changes to commit.
[11:43:36] No changes to commit.
[11:45:36] No changes to commit.
[11:47:36] No changes to commit.
[11:49:36] No changes to commit.
[11:51:37] No changes to commit.
[11:56:48] No changes to commit.
[11:58:48] No changes to commit.
[12:00:48] No changes to commit.
[12:02:49] No changes to commit.
[12:04:49] No changes to commit.
[12:06:49] No changes to commit.
[12:08:49] No changes to commit.
[12:10:49] No changes to commit.
[12:12:49] No changes to commit.
[12:14:50] No changes to commit.
[12:16:50] No changes to commit.
[12:18:50] No changes to commit.
[12:27:12] No changes to commit.
[12:37:15] No changes to commit.
[14:07:54] No changes to commit.
[15:17:43] No changes to commit.
[15:47:36] No changes to commit.
[16:23:21] No changes to commit.
[17:38:18] No changes to commit.
[17:40:18] No changes to commit.
[17:42:18] No changes to commit.
[17:44:19] No changes to commit.
[17:46:19] No changes to commit.
[17:48:19] No changes to commit.
[17:50:19] No changes to commit.
[17:52:19] No changes to commit.
[17:54:19] No changes to commit.
[17:56:19] No changes to commit.
[17:58:19] No changes to commit.
[18:00:19] No changes to commit.
[18:02:19] No changes to commit.
[18:04:20] No changes to commit.
[18:06:20] No changes to commit.
[18:08:20] No changes to commit.
[18:10:20] No changes to commit.
[18:12:20] No changes to commit.
[18:18:19] No changes to commit.
[18:20:19] No changes to commit.
[18:22:19] No changes to commit.
[18:25:04] No changes to commit.
[18:27:04] No changes to commit.
[19:02:06] No changes to commit.
[20:20:49] No changes to commit.
[21:02:29] No changes to commit.
[21:29:20] No changes to commit.
[22:34:32] No changes to commit.
[23:29:13] No changes to commit.
[01:07:08] No changes to commit.
[01:51:04] No changes to commit.
[02:36:43] No changes to commit.
[18:11:30] No changes to commit.
[18:28:55] No changes to commit.
[18:30:55] No changes to commit.
[18:32:55] No changes to commit.
[18:34:55] No changes to commit.
[18:36:55] No changes to commit.
[18:38:55] No changes to commit.
[18:40:55] No changes to commit.
[18:42:56] No changes to commit.
[18:44:56] No changes to commit.
[18:46:56] No changes to commit.
[18:48:56] No changes to commit.
[18:50:56] No changes to commit.
[18:52:56] No changes to commit.
[18:54:56] No changes to commit.
[18:56:56] No changes to commit.
[18:58:56] No changes to commit.
[19:00:56] No changes to commit.
[19:02:56] No changes to commit.
[19:04:57] No changes to commit.
[19:08:42] No changes to commit.
[19:38:00] No changes to commit.
[19:40:00] No changes to commit.
[19:42:00] No changes to commit.
[19:44:00] No changes to commit.
[19:46:00] No changes to commit.
[19:48:01] No changes to commit.
[19:50:01] No changes to commit.
[19:52:01] No changes to commit.
[20:03:07] No changes to commit.
[20:22:27] No changes to commit.
[20:24:27] No changes to commit.
[20:26:27] No changes to commit.
[20:28:28] No changes to commit.
[20:30:28] No changes to commit.
[20:32:28] No changes to commit.
[20:34:28] No changes to commit.
[20:36:28] No changes to commit.
[20:38:28] No changes to commit.
[20:40:28] No changes to commit.
[20:42:28] No changes to commit.
[20:44:28] No changes to commit.
[20:46:28] No changes to commit.
[20:48:28] No changes to commit.
[20:50:29] No changes to commit.
[20:52:29] No changes to commit.
[20:54:29] No changes to commit.
[20:56:29] No changes to commit.
[20:58:29] No changes to commit.
[21:00:29] No changes to commit.
[21:02:29] No changes to commit.
[21:04:29] No changes to commit.
[21:06:29] No changes to commit.
[21:08:29] No changes to commit.
[21:10:29] No changes to commit.
[21:12:36] No changes to commit.
[21:14:36] No changes to commit.
[21:16:36] No changes to commit.
[21:18:36] No changes to commit.
[21:20:36] No changes to commit.
[21:22:36] No changes to commit.
[21:24:37] No changes to commit.
[21:26:37] No changes to commit.
[21:28:37] No changes to commit.
[21:30:37] No changes to commit.
[21:32:37] No changes to commit.
[21:34:37] No changes to commit.
[21:36:37] No changes to commit.
[21:38:37] No changes to commit.
[21:40:37] No changes to commit.
[21:42:37] No changes to commit.
[21:44:38] No changes to commit.
[21:46:38] No changes to commit.
[21:48:38] No changes to commit.
[21:50:38] No changes to commit.
[21:52:38] No changes to commit.
[21:54:38] No changes to commit.
[21:56:38] No changes to commit.
[21:58:38] No changes to commit.
[22:00:38] No changes to commit.
[22:02:38] No changes to commit.
[22:04:38] No changes to commit.
[22:06:39] No changes to commit.
[22:08:39] No changes to commit.
[22:10:39] No changes to commit.
[22:12:39] No changes to commit.
[22:14:39] No changes to commit.
[22:16:39] No changes to commit.
[22:18:39] No changes to commit.
[22:20:39] No changes to commit.
[22:22:39] No changes to commit.
[22:24:40] No changes to commit.
[22:26:40] No changes to commit.
[22:28:40] No changes to commit.
[22:30:40] No changes to commit.
[22:32:40] No changes to commit.
[22:34:40] No changes to commit.
[22:36:40] No changes to commit.
[22:38:40] No changes to commit.
[22:40:40] No changes to commit.
[22:42:41] No changes to commit.
[22:44:41] No changes to commit.
[22:46:41] No changes to commit.
[22:48:41] No changes to commit.
[22:50:41] No changes to commit.
[22:52:41] No changes to commit.
[22:54:41] No changes to commit.
[22:56:41] No changes to commit.
[22:58:41] No changes to commit.
[23:00:41] No changes to commit.
[23:02:41] No changes to commit.
[23:04:42] No changes to commit.
[23:06:42] No changes to commit.
[23:12:57] No changes to commit.
[23:14:57] No changes to commit.
[23:16:57] No changes to commit.
[23:18:58] No changes to commit.
[23:20:58] No changes to commit.
[23:22:58] No changes to commit.
[23:24:58] No changes to commit.
[23:26:58] No changes to commit.
[23:28:58] No changes to commit.
[23:30:58] No changes to commit.
[23:32:58] No changes to commit.
[23:34:58] No changes to commit.
[23:36:58] No changes to commit.
[23:38:58] No changes to commit.
[23:40:59] No changes to commit.
[23:42:59] No changes to commit.
[23:44:59] No changes to commit.
[23:46:59] No changes to commit.
[23:49:00] No changes to commit.
[01:12:37] No changes to commit.
[01:14:37] No changes to commit.
[01:33:29] No changes to commit.
[06:44:48] No changes to commit.
[10:33:57] No changes to commit.
[14:24:11] No changes to commit.
[17:13:05] No changes to commit.
[17:15:05] No changes to commit.
[17:17:05] No changes to commit.
[17:22:03] No changes to commit.
[17:24:03] No changes to commit.
[17:26:04] No changes to commit.
[17:28:04] No changes to commit.
[17:30:04] No changes to commit.
[17:32:04] No changes to commit.
[17:34:04] No changes to commit.
[17:36:04] No changes to commit.
[17:38:04] No changes to commit.
[17:40:04] No changes to commit.
[17:42:04] No changes to commit.
[17:44:04] No changes to commit.
[17:46:04] No changes to commit.
[17:48:05] No changes to commit.
[17:50:05] No changes to commit.
[17:52:05] No changes to commit.
[17:54:05] No changes to commit.
[17:56:05] No changes to commit.
[17:58:05] No changes to commit.
[18:00:05] No changes to commit.
[18:02:05] No changes to commit.
[18:04:05] No changes to commit.
[18:06:05] No changes to commit.
[18:08:06] No changes to commit.
[18:10:06] No changes to commit.
[18:12:06] No changes to commit.
[18:14:06] No changes to commit.
[18:16:06] No changes to commit.
[18:18:06] No changes to commit.
[18:21:04] No changes to commit.
[18:23:04] No changes to commit.
[18:32:51] No changes to commit.
[18:44:03] No changes to commit.
[18:46:03] No changes to commit.
[19:03:01] No changes to commit.
[19:05:01] No changes to commit.
[19:07:02] No changes to commit.
[19:21:09] No changes to commit.
[19:23:09] No changes to commit.
[19:34:13] No changes to commit.
[19:36:13] No changes to commit.
[19:38:13] No changes to commit.
[20:01:37] No changes to commit.
[20:06:32] No changes to commit.
[20:10:17] No changes to commit.
[20:27:42] No changes to commit.
[20:32:29] No changes to commit.
[20:34:33] No changes to commit.
[21:06:10] No changes to commit.
[22:13:31] No changes to commit.
[22:15:58] No changes to commit.
[22:17:58] No changes to commit.
[22:20:01] No changes to commit.
[22:48:11] No changes to commit.
[22:50:12] No changes to commit.
[22:52:12] No changes to commit.
[22:54:13] No changes to commit.
[22:56:13] No changes to commit.
[22:58:13] No changes to commit.
[23:00:13] No changes to commit.
[23:02:13] No changes to commit.
[23:04:13] No changes to commit.
[23:06:13] No changes to commit.
[23:08:13] No changes to commit.
[23:10:13] No changes to commit.
[23:12:13] No changes to commit.
[23:14:14] No changes to commit.
[23:16:14] No changes to commit.
[23:18:14] No changes to commit.
[23:20:14] No changes to commit.
[23:22:14] No changes to commit.
[23:24:14] No changes to commit.
[00:21:06] No changes to commit.
[01:25:44] No changes to commit.
[01:35:16] No changes to commit.
[01:37:16] No changes to commit.
[01:55:21] No changes to commit.
[02:13:19] No changes to commit.
[02:26:30] No changes to commit.
[02:28:30] No changes to commit.
[02:30:30] No changes to commit.
[02:32:30] No changes to commit.
[02:34:30] No changes to commit.
[02:36:30] No changes to commit.
[02:38:31] No changes to commit.
[02:40:31] No changes to commit.
[02:42:31] No changes to commit.
[02:44:31] No changes to commit.
[02:46:31] No changes to commit.
[02:48:31] No changes to commit.
[02:50:31] No changes to commit.
[02:52:31] No changes to commit.
[02:54:31] No changes to commit.
[02:56:31] No changes to commit.
[02:58:31] No changes to commit.
[03:00:31] No changes to commit.
[03:02:31] No changes to commit.
[03:04:32] No changes to commit.
[03:06:32] No changes to commit.
[03:08:32] No changes to commit.
[03:10:32] No changes to commit.
[03:12:32] No changes to commit.
[03:14:32] No changes to commit.
[03:16:32] No changes to commit.
[03:18:32] No changes to commit.
[03:20:32] No changes to commit.
[03:22:32] No changes to commit.
[03:24:32] No changes to commit.
[03:26:32] No changes to commit.
[04:16:40] No changes to commit.
[04:52:53] No changes to commit.
[05:11:50] No changes to commit.
[07:09:47] No changes to commit.
[12:24:28] No changes to commit.
[15:28:27] No changes to commit.
[16:25:15] No changes to commit.
[16:27:15] No changes to commit.
[16:29:15] No changes to commit.
[16:31:15] No changes to commit.
[16:33:15] No changes to commit.
[16:35:15] No changes to commit.
[16:37:15] No changes to commit.
[16:39:16] No changes to commit.
[16:41:16] No changes to commit.
[16:43:16] No changes to commit.
[16:45:16] No changes to commit.
[16:47:16] No changes to commit.
[16:49:16] No changes to commit.
[16:51:16] No changes to commit.
[16:53:16] No changes to commit.
[16:55:16] No changes to commit.
[16:57:16] No changes to commit.
[17:03:21] No changes to commit.
[17:19:26] No changes to commit.
[17:22:49] No changes to commit.
[17:24:49] No changes to commit.
[17:42:15] No changes to commit.
[17:56:55] No changes to commit.
[18:25:25] No changes to commit.
[18:27:25] No changes to commit.
[18:29:25] No changes to commit.
[18:31:25] No changes to commit.
[18:33:26] No changes to commit.
[18:35:26] No changes to commit.
[18:37:26] No changes to commit.
[18:39:26] No changes to commit.
[18:41:26] No changes to commit.
[18:43:26] No changes to commit.
[18:45:26] No changes to commit.
[18:47:26] No changes to commit.
[18:49:26] No changes to commit.
[18:51:26] No changes to commit.
[18:53:26] No changes to commit.
[18:55:26] No changes to commit.
[18:57:27] No changes to commit.
[18:59:27] No changes to commit.
[19:23:12] No changes to commit.
[19:25:12] No changes to commit.
[19:27:12] No changes to commit.
[19:29:12] No changes to commit.
[19:31:13] No changes to commit.
[19:33:13] No changes to commit.
[19:35:13] No changes to commit.
[19:37:13] No changes to commit.
[19:39:13] No changes to commit.
[19:41:13] No changes to commit.
[19:43:13] No changes to commit.
[19:45:13] No changes to commit.
[19:47:13] No changes to commit.
[19:49:13] No changes to commit.
[19:51:13] No changes to commit.
[19:53:14] No changes to commit.
[19:55:14] No changes to commit.
[19:57:14] No changes to commit.
[19:59:14] No changes to commit.
[20:01:14] No changes to commit.
[20:19:03] No changes to commit.
[20:21:03] No changes to commit.
[20:23:03] No changes to commit.
[20:25:03] No changes to commit.
[20:27:03] No changes to commit.
[20:29:03] No changes to commit.
[20:31:03] No changes to commit.
[20:48:54] No changes to commit.
[21:55:32] No changes to commit.
[22:29:42] No changes to commit.
[22:50:07] No changes to commit.
[22:52:07] No changes to commit.
[22:54:07] No changes to commit.
[22:56:07] No changes to commit.
[22:58:07] No changes to commit.
[23:00:08] No changes to commit.
[23:02:08] No changes to commit.
[23:04:08] No changes to commit.
[23:06:08] No changes to commit.
[23:08:08] No changes to commit.
[23:10:08] No changes to commit.
[23:12:08] No changes to commit.
[23:14:08] No changes to commit.
[23:16:08] No changes to commit.
[23:18:08] No changes to commit.
[23:20:08] No changes to commit.
[23:22:09] No changes to commit.
[23:24:09] No changes to commit.
[23:26:09] No changes to commit.
[23:28:09] No changes to commit.
[23:30:09] No changes to commit.
[23:32:09] No changes to commit.
[01:00:55] No changes to commit.
[01:17:54] No changes to commit.
[01:50:29] No changes to commit.
[02:39:44] No changes to commit.
[03:19:54] No changes to commit.
[03:53:36] No changes to commit.
[04:31:22] No changes to commit.
[04:49:25] No changes to commit.
[05:07:29] No changes to commit.
[05:09:54] No changes to commit.
[05:27:34] No changes to commit.
[05:44:38] No changes to commit.
[05:47:03] No changes to commit.
[05:49:03] No changes to commit.
[05:51:04] No changes to commit.
[05:53:04] No changes to commit.
[05:55:04] No changes to commit.
[05:57:04] No changes to commit.
[05:59:04] No changes to commit.
[06:01:04] No changes to commit.
[06:03:04] No changes to commit.
[06:05:04] No changes to commit.
[06:07:04] No changes to commit.
[06:09:04] No changes to commit.
[06:11:04] No changes to commit.
[06:13:04] No changes to commit.
[06:15:04] No changes to commit.
[06:17:04] No changes to commit.
[06:19:04] No changes to commit.
[06:21:04] No changes to commit.
[06:23:04] No changes to commit.
[06:25:05] No changes to commit.
[06:27:05] No changes to commit.
[06:29:05] No changes to commit.
[06:31:05] No changes to commit.
[06:33:05] No changes to commit.
[06:35:05] No changes to commit.
[06:37:05] No changes to commit.
[06:39:05] No changes to commit.
[06:41:05] No changes to commit.
[06:43:05] No changes to commit.
[06:45:05] No changes to commit.
[06:47:05] No changes to commit.
[06:49:05] No changes to commit.
[06:51:05] No changes to commit.
[06:53:06] No changes to commit.
[06:55:06] No changes to commit.
[06:57:06] No changes to commit.
[06:59:06] No changes to commit.
[07:01:06] No changes to commit.
[07:03:06] No changes to commit.
[07:05:06] No changes to commit.
[07:07:06] No changes to commit.
[07:09:06] No changes to commit.
[07:11:06] No changes to commit.
[07:13:06] No changes to commit.
[07:15:06] No changes to commit.
[07:17:06] No changes to commit.
[07:19:06] No changes to commit.
[07:21:07] No changes to commit.
[07:23:07] No changes to commit.
[07:25:07] No changes to commit.
[07:27:07] No changes to commit.
[07:29:07] No changes to commit.
[07:31:07] No changes to commit.
[07:33:07] No changes to commit.
[07:35:07] No changes to commit.
[07:37:07] No changes to commit.
[07:56:27] No changes to commit.
[08:13:52] No changes to commit.
[08:15:52] No changes to commit.
[08:17:52] No changes to commit.
[08:19:52] No changes to commit.
[08:21:52] No changes to commit.
[08:23:52] No changes to commit.
[08:25:52] No changes to commit.
[08:27:52] No changes to commit.
[08:29:52] No changes to commit.
[08:31:52] No changes to commit.
[08:33:52] No changes to commit.
[08:35:53] No changes to commit.
[08:37:53] No changes to commit.
[08:39:53] No changes to commit.
[08:41:53] No changes to commit.
[08:43:53] No changes to commit.
[08:45:53] No changes to commit.
[08:47:53] No changes to commit.
[08:49:53] No changes to commit.
[08:51:53] No changes to commit.
[08:53:53] No changes to commit.
[08:55:53] No changes to commit.
[08:57:53] No changes to commit.
[08:59:53] No changes to commit.
[09:01:54] No changes to commit.
[09:03:54] No changes to commit.
[09:05:54] No changes to commit.
[09:07:54] No changes to commit.
[09:09:54] No changes to commit.
[09:11:54] No changes to commit.
[09:13:54] No changes to commit.
[09:15:54] No changes to commit.
[09:17:54] No changes to commit.
[09:19:54] No changes to commit.
[09:21:54] No changes to commit.
[09:23:54] No changes to commit.
[09:25:54] No changes to commit.
[09:27:55] No changes to commit.
[09:29:55] No changes to commit.
[09:31:55] No changes to commit.
[09:33:55] No changes to commit.
[09:35:55] No changes to commit.
[09:37:55] No changes to commit.
[09:39:55] No changes to commit.
[09:41:55] No changes to commit.
[09:43:55] No changes to commit.
[09:45:55] No changes to commit.
[09:47:55] No changes to commit.
[09:49:55] No changes to commit.
[09:51:55] No changes to commit.
[09:53:55] No changes to commit.
[09:55:56] No changes to commit.
[09:57:56] No changes to commit.
[09:59:56] No changes to commit.
[10:01:56] No changes to commit.
[10:03:56] No changes to commit.
[10:05:56] No changes to commit.
[10:07:56] No changes to commit.
[10:09:56] No changes to commit.
[10:11:56] No changes to commit.
[10:13:56] No changes to commit.
[10:15:56] No changes to commit.
[10:17:56] No changes to commit.
[10:19:56] No changes to commit.
[10:21:56] No changes to commit.
[10:23:56] No changes to commit.
[10:25:57] No changes to commit.
[10:27:57] No changes to commit.
[10:29:57] No changes to commit.
[10:31:57] No changes to commit.
[10:33:57] No changes to commit.
[10:35:57] No changes to commit.
[10:37:57] No changes to commit.
[10:39:57] No changes to commit.
[10:41:57] No changes to commit.
[10:43:57] No changes to commit.
[10:45:57] No changes to commit.
[11:20:59] No changes to commit.
[11:56:54] No changes to commit.
[12:27:32] No changes to commit.
[12:35:50] No changes to commit.
[12:37:50] No changes to commit.
[12:39:50] No changes to commit.
[12:41:50] No changes to commit.
[12:43:50] No changes to commit.
[12:45:50] No changes to commit.
[12:47:50] No changes to commit.
[12:49:51] No changes to commit.
[12:51:51] No changes to commit.
[12:53:51] No changes to commit.
[12:55:51] No changes to commit.
[12:57:51] No changes to commit.
[12:59:51] No changes to commit.
[13:01:51] No changes to commit.
[13:03:51] No changes to commit.
[13:05:51] No changes to commit.
[13:07:51] No changes to commit.
[13:09:51] No changes to commit.
[13:11:52] No changes to commit.
[13:13:52] No changes to commit.
[13:15:52] No changes to commit.
[13:17:52] No changes to commit.
[13:19:52] No changes to commit.
[13:21:52] No changes to commit.
[13:23:52] No changes to commit.
[13:25:52] No changes to commit.
[13:27:52] No changes to commit.
[13:29:52] No changes to commit.
[13:31:53] No changes to commit.
[13:33:53] No changes to commit.
[13:35:53] No changes to commit.
[13:37:53] No changes to commit.
[13:39:53] No changes to commit.
[13:41:53] No changes to commit.
[13:43:53] No changes to commit.
[14:04:32] No changes to commit.
[14:08:18] No changes to commit.
[14:10:18] No changes to commit.
[14:12:18] No changes to commit.
[14:14:18] No changes to commit.
[14:16:18] No changes to commit.
[14:18:18] No changes to commit.
[14:20:18] No changes to commit.
[14:22:18] No changes to commit.
[14:24:18] No changes to commit.
[14:26:18] No changes to commit.
[14:39:17] No changes to commit.
[14:59:07] No changes to commit.
[15:47:08] No changes to commit.
[15:54:13] No changes to commit.
[15:56:20] No changes to commit.
[15:58:20] No changes to commit.
[16:00:20] No changes to commit.
[16:02:20] No changes to commit.
[16:04:20] No changes to commit.
[16:06:20] No changes to commit.
[16:08:20] No changes to commit.
[16:10:20] No changes to commit.
[16:12:21] No changes to commit.
[16:14:21] No changes to commit.
[16:16:21] No changes to commit.
[16:18:21] No changes to commit.
[16:20:21] No changes to commit.
[16:22:21] No changes to commit.
[16:24:21] No changes to commit.
[16:26:21] No changes to commit.
[16:28:21] No changes to commit.
[16:30:21] No changes to commit.
[16:32:22] No changes to commit.
[16:34:22] No changes to commit.
[16:36:22] No changes to commit.
[16:38:22] No changes to commit.
[16:40:22] No changes to commit.
[16:42:22] No changes to commit.
[16:44:22] No changes to commit.
[16:46:22] No changes to commit.
[16:48:22] No changes to commit.
[16:50:22] No changes to commit.
[16:52:23] No changes to commit.
[16:54:23] No changes to commit.
[16:56:23] No changes to commit.
[16:58:23] No changes to commit.
[17:00:23] No changes to commit.
[17:02:23] No changes to commit.
[17:04:23] No changes to commit.
[17:06:23] No changes to commit.
[17:08:23] No changes to commit.
[17:10:24] No changes to commit.
[17:12:24] No changes to commit.
[17:14:24] No changes to commit.
[17:16:24] No changes to commit.
[17:18:24] No changes to commit.
[17:20:24] No changes to commit.
[17:22:24] No changes to commit.
[17:24:24] No changes to commit.
[18:18:23] No changes to commit.
[18:41:22] No changes to commit.
[19:17:11] No changes to commit.
[19:38:09] No changes to commit.
[20:11:44] No changes to commit.
[21:23:48] No changes to commit.
[22:17:34] No changes to commit.
[22:19:34] No changes to commit.
[22:21:35] No changes to commit.
[22:23:35] No changes to commit.
[22:25:35] No changes to commit.
[22:27:35] No changes to commit.
[22:29:35] No changes to commit.
[22:31:35] No changes to commit.
[22:33:35] No changes to commit.
[22:35:35] No changes to commit.
[22:37:35] No changes to commit.
[22:39:35] No changes to commit.
[22:41:36] No changes to commit.
[22:43:36] No changes to commit.
[22:45:36] No changes to commit.
[22:47:36] No changes to commit.
[22:49:36] No changes to commit.
[22:51:36] No changes to commit.
[22:53:36] No changes to commit.
[22:55:36] No changes to commit.
[22:57:37] No changes to commit.
[22:59:37] No changes to commit.
[23:01:37] No changes to commit.
[23:03:37] No changes to commit.
[23:05:37] No changes to commit.
[23:07:38] No changes to commit.
[23:09:38] No changes to commit.
[23:11:38] No changes to commit.
[23:13:38] No changes to commit.
[23:15:40] No changes to commit.
[00:33:03] No changes to commit.
[01:43:28] No changes to commit.
[03:17:47] No changes to commit.
[05:30:09] No changes to commit.
[06:58:34] No changes to commit.
[07:23:58] No changes to commit.
[08:17:57] No changes to commit.
[09:01:02] No changes to commit.
[09:15:04] No changes to commit.
[09:54:45] No changes to commit.
[09:58:00] No changes to commit.
[14:23:47] No changes to commit.
[14:41:42] No changes to commit.
[14:47:32] No changes to commit.
[15:45:30] No changes to commit.
[15:47:31] No changes to commit.
[15:49:31] No changes to commit.
[15:51:31] No changes to commit.
[15:53:31] No changes to commit.
[15:55:31] No changes to commit.
[15:57:31] No changes to commit.
[15:59:32] No changes to commit.
[16:01:32] No changes to commit.
[16:03:32] No changes to commit.
[16:05:32] No changes to commit.
[16:07:32] No changes to commit.
[16:09:33] No changes to commit.
[16:11:33] No changes to commit.
[16:13:33] No changes to commit.
[16:15:33] No changes to commit.
[16:17:33] No changes to commit.
[16:19:33] No changes to commit.
[20:32:31] No changes to commit.
[20:34:32] No changes to commit.
[20:36:32] No changes to commit.
[20:38:32] No changes to commit.
[20:40:32] No changes to commit.
[20:42:32] No changes to commit.
[20:47:47] No changes to commit.
[20:55:14] No changes to commit.
[21:12:13] No changes to commit.
[21:14:13] No changes to commit.
[21:16:14] No changes to commit.
[21:18:14] No changes to commit.
[21:20:14] No changes to commit.
[21:22:14] No changes to commit.
[21:24:14] No changes to commit.
[21:26:14] No changes to commit.
[21:28:14] No changes to commit.
[21:30:14] No changes to commit.
[22:00:19] No changes to commit.
[22:09:34] No changes to commit.
[22:23:34] No changes to commit.
[22:57:14] No changes to commit.
[23:08:34] No changes to commit.
[23:16:00] No changes to commit.
[23:18:00] No changes to commit.
[23:20:00] No changes to commit.
[23:22:00] No changes to commit.
[23:24:00] No changes to commit.
[23:26:01] No changes to commit.
[23:28:01] No changes to commit.
[23:30:01] No changes to commit.
[23:32:01] No changes to commit.
[23:34:01] No changes to commit.
[23:36:01] No changes to commit.
[23:38:01] No changes to commit.
[23:40:01] No changes to commit.
[23:42:01] No changes to commit.
[23:44:01] No changes to commit.
[23:46:01] No changes to commit.
[23:48:02] No changes to commit.
[23:50:02] No changes to commit.
[23:52:02] No changes to commit.
[23:54:02] No changes to commit.
[23:56:02] No changes to commit.
[23:58:31] No changes to commit.
[00:00:31] No changes to commit.
[00:02:31] No changes to commit.
[00:04:31] No changes to commit.
[00:06:31] No changes to commit.
[00:08:31] No changes to commit.
[00:10:31] No changes to commit.
[00:14:04] No changes to commit.
[00:16:04] No changes to commit.
[01:22:13] No changes to commit.
[04:44:07] No changes to commit.
[06:47:40] No changes to commit.
[12:43:18] No changes to commit.
[16:58:48] No changes to commit.
[17:00:48] No changes to commit.
[17:02:48] No changes to commit.
[19:51:36] No changes to commit.
[22:39:38] No changes to commit.
[22:41:38] No changes to commit.
[22:43:38] No changes to commit.
[22:45:38] No changes to commit.
[22:47:38] No changes to commit.
[22:49:38] No changes to commit.
[22:51:38] No changes to commit.
[22:53:38] No changes to commit.
[22:55:38] No changes to commit.
[22:57:39] No changes to commit.
[22:59:39] No changes to commit.
[23:01:39] No changes to commit.
[23:03:39] No changes to commit.
[23:05:39] No changes to commit.
[23:07:39] No changes to commit.
[23:09:39] No changes to commit.
[23:11:39] No changes to commit.
[23:13:39] No changes to commit.
[23:15:39] No changes to commit.
[23:17:39] No changes to commit.
[23:19:40] No changes to commit.
[23:21:40] No changes to commit.
[23:23:40] No changes to commit.
[23:25:40] No changes to commit.
[23:27:40] No changes to commit.
[23:29:40] No changes to commit.
[23:31:40] No changes to commit.
[23:33:40] No changes to commit.
[23:35:40] No changes to commit.
[23:37:40] No changes to commit.
[23:39:40] No changes to commit.
[23:42:41] No changes to commit.
[23:49:08] No changes to commit.
[00:22:07] No changes to commit.
[00:24:07] No changes to commit.
[00:26:07] No changes to commit.
[00:59:09] No changes to commit.
[01:33:32] No changes to commit.
[01:43:05] No changes to commit.
[02:16:11] No changes to commit.
[02:18:12] No changes to commit.
[02:37:35] No changes to commit.
[02:39:35] No changes to commit.
[03:31:11] No changes to commit.
[04:05:01] No changes to commit.
[04:07:01] No changes to commit.
[04:26:15] No changes to commit.
[04:44:59] No changes to commit.
[05:23:22] No changes to commit.
[06:14:33] No changes to commit.
[06:49:52] No changes to commit.
[07:23:40] No changes to commit.
[07:25:40] No changes to commit.
[07:27:40] No changes to commit.
[07:29:40] No changes to commit.
[07:31:40] No changes to commit.
[07:33:40] No changes to commit.
[07:35:40] No changes to commit.
[07:37:40] No changes to commit.
[07:39:40] No changes to commit.
[07:41:40] No changes to commit.
[07:43:40] No changes to commit.
[07:45:40] No changes to commit.
[07:47:40] No changes to commit.
[07:49:40] No changes to commit.
[07:51:41] No changes to commit.
[07:53:41] No changes to commit.
[07:55:41] No changes to commit.
[07:57:41] No changes to commit.
[07:59:41] No changes to commit.
[08:01:41] No changes to commit.
[08:03:41] No changes to commit.
[08:05:41] No changes to commit.
[08:07:41] No changes to commit.
[08:09:41] No changes to commit.
[08:11:41] No changes to commit.
[08:13:41] No changes to commit.
[08:15:41] No changes to commit.
[08:17:41] No changes to commit.
[08:19:42] No changes to commit.
[08:21:42] No changes to commit.
[08:23:42] No changes to commit.
[08:40:55] No changes to commit.
[09:00:55] No changes to commit.
[09:19:30] No changes to commit.
[09:21:30] No changes to commit.
[09:23:30] No changes to commit.
[09:25:30] No changes to commit.
[09:42:58] No changes to commit.
[10:52:13] No changes to commit.
[10:54:14] No changes to commit.
[11:13:41] No changes to commit.
[11:23:52] No changes to commit.
[11:25:52] No changes to commit.
[11:27:52] No changes to commit.
[11:29:52] No changes to commit.
[11:37:31] No changes to commit.
[11:39:31] No changes to commit.
[11:41:32] No changes to commit.
[11:43:32] No changes to commit.
[11:45:32] No changes to commit.
[11:47:32] No changes to commit.
[11:51:26] No changes to commit.
[13:10:30] No changes to commit.
[15:08:31] No changes to commit.
[16:49:18] No changes to commit.
[17:16:40] No changes to commit.
[17:40:11] No changes to commit.
[17:42:11] No changes to commit.
[17:44:11] No changes to commit.
[17:46:11] No changes to commit.
[17:48:11] No changes to commit.
[18:36:27] No changes to commit.
[20:08:41] No changes to commit.
[21:07:28] No changes to commit.
[21:09:28] No changes to commit.
[21:11:28] No changes to commit.
[21:13:28] No changes to commit.
[21:43:39] No changes to commit.
[22:22:31] No changes to commit.
[22:33:16] No changes to commit.
[22:35:16] No changes to commit.
[22:37:16] No changes to commit.
[22:39:17] No changes to commit.
[22:41:17] No changes to commit.
[22:43:17] No changes to commit.
[22:45:17] No changes to commit.
[22:47:17] No changes to commit.
[22:49:17] No changes to commit.
[22:51:17] No changes to commit.
[22:53:17] No changes to commit.
[22:55:17] No changes to commit.
[22:57:17] No changes to commit.
[22:59:17] No changes to commit.
[23:01:18] No changes to commit.
[23:03:18] No changes to commit.
[23:05:18] No changes to commit.
[23:07:18] No changes to commit.
[23:09:18] No changes to commit.
[23:16:05] No changes to commit.
[23:28:25] No changes to commit.
[23:30:25] No changes to commit.
[23:32:25] No changes to commit.
[23:34:26] No changes to commit.
[23:36:26] No changes to commit.
[23:38:26] No changes to commit.
[23:40:26] No changes to commit.
[23:42:26] No changes to commit.
[23:44:26] No changes to commit.
[23:46:26] No changes to commit.
[23:48:26] No changes to commit.
[23:50:26] No changes to commit.
[23:52:26] No changes to commit.
[23:54:26] No changes to commit.
[23:56:27] No changes to commit.
[23:58:27] No changes to commit.
[03:03:41] No changes to commit.
[09:00:01] No changes to commit.
[09:45:55] No changes to commit.
[09:47:55] No changes to commit.
[09:49:55] No changes to commit.
[13:21:42] No changes to commit.
[13:23:42] No changes to commit.
[14:49:16] No changes to commit.
[17:33:02] No changes to commit.
[23:13:42] No changes to commit.
[23:20:10] No changes to commit.
[23:22:10] No changes to commit.
[23:24:10] No changes to commit.
[23:26:10] No changes to commit.
[23:28:10] No changes to commit.
[23:30:33] No changes to commit.
[23:32:33] No changes to commit.
[23:34:33] No changes to commit.
[23:36:33] No changes to commit.
[23:38:33] No changes to commit.
[23:40:33] No changes to commit.
[23:42:33] No changes to commit.
[23:44:33] No changes to commit.
[23:46:33] No changes to commit.
[23:48:33] No changes to commit.
[23:50:34] No changes to commit.
[23:52:34] No changes to commit.
[23:54:34] No changes to commit.
[23:56:34] No changes to commit.
[23:58:34] No changes to commit.
[00:00:34] No changes to commit.
[00:02:34] No changes to commit.
[00:04:34] No changes to commit.
[00:06:34] No changes to commit.
[00:08:34] No changes to commit.
[00:10:34] No changes to commit.
[00:12:35] No changes to commit.
[00:14:35] No changes to commit.
[00:16:35] No changes to commit.
[00:18:35] No changes to commit.
[00:20:35] No changes to commit.
[00:22:35] No changes to commit.
[00:24:35] No changes to commit.
[00:26:35] No changes to commit.
[00:28:35] No changes to commit.
[00:30:35] No changes to commit.
[00:32:36] No changes to commit.
[00:34:36] No changes to commit.
[00:36:36] No changes to commit.
[00:38:36] No changes to commit.
[00:43:45] No changes to commit.
[00:45:45] No changes to commit.
[00:47:45] No changes to commit.
[00:49:45] No changes to commit.
[00:51:45] No changes to commit.
[00:53:45] No changes to commit.
[00:55:46] No changes to commit.
[00:57:46] No changes to commit.
[00:59:46] No changes to commit.
[01:01:46] No changes to commit.
[01:03:46] No changes to commit.
[01:05:46] No changes to commit.
[01:07:46] No changes to commit.
[02:45:27] No changes to commit.
[07:59:45] No changes to commit.
[09:01:55] No changes to commit.
[11:08:44] No changes to commit.
[12:58:14] No changes to commit.
[13:27:54] No changes to commit.
[13:29:54] No changes to commit.
[13:31:54] No changes to commit.
[13:33:54] No changes to commit.
[13:35:54] No changes to commit.
[13:37:54] No changes to commit.
[13:39:54] No changes to commit.
[13:41:54] No changes to commit.
[13:43:54] No changes to commit.
[23:24:51] No changes to commit.
[23:26:51] No changes to commit.
[23:28:51] No changes to commit.
[23:30:51] No changes to commit.
[23:32:51] No changes to commit.
[23:34:51] No changes to commit.
[23:36:52] No changes to commit.
[23:38:52] No changes to commit.
[23:40:52] No changes to commit.
[23:42:52] No changes to commit.
[23:44:52] No changes to commit.
[23:46:52] No changes to commit.
[23:48:52] No changes to commit.
[23:50:52] No changes to commit.
[23:52:52] No changes to commit.
[23:54:52] No changes to commit.
[23:56:53] No changes to commit.
[23:58:53] No changes to commit.
[00:00:53] No changes to commit.
[00:02:53] No changes to commit.
[00:04:53] No changes to commit.
[00:06:53] No changes to commit.
[00:08:53] No changes to commit.
[00:10:53] No changes to commit.
[00:12:53] No changes to commit.
[00:14:54] No changes to commit.
[00:17:21] No changes to commit.
[00:19:22] No changes to commit.
[00:21:22] No changes to commit.
[00:23:22] No changes to commit.
[00:25:22] No changes to commit.
[00:27:22] No changes to commit.
[00:29:22] No changes to commit.
[00:31:22] No changes to commit.
[00:33:22] No changes to commit.
[00:35:22] No changes to commit.
[00:37:23] No changes to commit.
[00:39:23] No changes to commit.
[00:41:23] No changes to commit.
[00:43:23] No changes to commit.
[00:45:23] No changes to commit.
[00:47:23] No changes to commit.
[00:49:23] No changes to commit.
[00:51:23] No changes to commit.
[00:53:23] No changes to commit.
[00:55:23] No changes to commit.
[00:57:24] No changes to commit.
[00:59:24] No changes to commit.
[01:01:24] No changes to commit.
[01:03:24] No changes to commit.
[01:05:24] No changes to commit.
[01:07:24] No changes to commit.
[01:09:24] No changes to commit.
[01:11:24] No changes to commit.
[01:13:24] No changes to commit.
[01:15:25] No changes to commit.
[01:17:25] No changes to commit.
[01:19:25] No changes to commit.
[01:21:25] No changes to commit.
[01:23:25] No changes to commit.
[01:25:25] No changes to commit.
[01:27:25] No changes to commit.
[01:29:25] No changes to commit.
[01:31:26] No changes to commit.
[01:33:26] No changes to commit.
[01:50:53] No changes to commit.
[01:52:53] No changes to commit.
[01:54:53] No changes to commit.
[01:56:53] No changes to commit.
[01:58:53] No changes to commit.
[02:00:53] No changes to commit.
[02:02:53] No changes to commit.
[02:04:53] No changes to commit.
[02:06:54] No changes to commit.
[02:08:54] No changes to commit.
[02:10:54] No changes to commit.
[02:12:54] No changes to commit.
[02:14:54] No changes to commit.
[02:16:54] No changes to commit.
[02:18:54] No changes to commit.
[02:20:54] No changes to commit.
[02:22:54] No changes to commit.
[02:24:54] No changes to commit.
[02:26:55] No changes to commit.
[02:28:55] No changes to commit.
[03:19:39] No changes to commit.
[04:39:23] No changes to commit.
[07:47:41] No changes to commit.
[09:15:09] No changes to commit.
[10:28:50] No changes to commit.
[12:10:39] No changes to commit.
[13:20:29] No changes to commit.
[13:58:47] No changes to commit.
[14:09:07] No changes to commit.
[14:32:29] No changes to commit.
[14:49:49] No changes to commit.
[15:25:12] No changes to commit.
[17:12:52] No changes to commit.
[17:28:07] No changes to commit.
[17:30:07] No changes to commit.
[17:32:07] No changes to commit.
[17:34:07] No changes to commit.
[17:36:07] No changes to commit.
[17:38:07] No changes to commit.
[17:40:08] No changes to commit.
[17:42:08] No changes to commit.
[17:44:08] No changes to commit.
[17:46:08] No changes to commit.
[17:48:08] No changes to commit.
[17:50:08] No changes to commit.
[17:52:08] No changes to commit.
[17:54:08] No changes to commit.
[17:56:08] No changes to commit.
[17:58:08] No changes to commit.
[18:00:09] No changes to commit.
[18:02:09] No changes to commit.
[18:04:09] No changes to commit.
[18:06:09] No changes to commit.
[18:08:09] No changes to commit.
[18:10:09] No changes to commit.
[18:12:09] No changes to commit.
[18:14:09] No changes to commit.
[18:16:09] No changes to commit.
[18:18:10] No changes to commit.
[18:20:10] No changes to commit.
[18:22:10] No changes to commit.
[18:24:10] No changes to commit.
[18:32:17] No changes to commit.
[18:34:17] No changes to commit.
[18:36:17] No changes to commit.
[18:38:17] No changes to commit.
[18:40:17] No changes to commit.
[18:42:17] No changes to commit.
[18:44:17] No changes to commit.
[18:46:17] No changes to commit.
[18:48:18] No changes to commit.
[18:50:18] No changes to commit.
[18:52:18] No changes to commit.
[18:54:18] No changes to commit.
[18:56:18] No changes to commit.
[18:58:18] No changes to commit.
[19:00:18] No changes to commit.
[19:02:18] No changes to commit.
[19:04:18] No changes to commit.
[19:06:19] No changes to commit.
[19:08:19] No changes to commit.
[19:10:19] No changes to commit.
[19:12:19] No changes to commit.
[19:14:19] No changes to commit.
[19:16:19] No changes to commit.
[19:18:19] No changes to commit.
[19:20:19] No changes to commit.
[19:22:19] No changes to commit.
[19:24:20] No changes to commit.
[19:26:20] No changes to commit.
[19:28:20] No changes to commit.
[19:30:20] No changes to commit.
[19:32:20] No changes to commit.
[19:34:20] No changes to commit.
[19:36:20] No changes to commit.
[19:38:20] No changes to commit.
[19:40:21] No changes to commit.
[19:42:21] No changes to commit.
[19:44:21] No changes to commit.
[19:46:21] No changes to commit.
[19:48:21] No changes to commit.
[19:50:21] No changes to commit.
[19:52:21] No changes to commit.
[19:54:21] No changes to commit.
[19:56:21] No changes to commit.
[19:58:22] No changes to commit.
[20:00:22] No changes to commit.
[20:02:22] No changes to commit.
[20:04:22] No changes to commit.
[20:06:22] No changes to commit.
[20:08:22] No changes to commit.
[20:10:22] No changes to commit.
[20:12:22] No changes to commit.
[20:14:22] No changes to commit.
[20:16:22] No changes to commit.
[20:18:23] No changes to commit.
[20:20:23] No changes to commit.
[20:22:23] No changes to commit.
[20:24:23] No changes to commit.
[20:26:23] No changes to commit.
[20:28:23] No changes to commit.
[20:30:23] No changes to commit.
[20:32:23] No changes to commit.
[20:34:24] No changes to commit.
[20:39:18] No changes to commit.
[20:41:18] No changes to commit.
[20:43:18] No changes to commit.
[20:45:18] No changes to commit.
[20:47:18] No changes to commit.
[20:49:18] No changes to commit.
[20:51:18] No changes to commit.
[20:53:18] No changes to commit.
[20:55:19] No changes to commit.
[20:57:19] No changes to commit.
[20:59:19] No changes to commit.
[21:01:19] No changes to commit.
[21:03:19] No changes to commit.
[21:05:19] No changes to commit.
[21:07:19] No changes to commit.
[21:09:19] No changes to commit.
[21:11:19] No changes to commit.
[21:13:19] No changes to commit.
[21:15:20] No changes to commit.
[21:17:20] No changes to commit.
[21:19:20] No changes to commit.
[21:21:20] No changes to commit.
[21:23:20] No changes to commit.
[21:25:20] No changes to commit.
[21:27:20] No changes to commit.
[21:29:20] No changes to commit.
[21:31:20] No changes to commit.
[21:33:21] No changes to commit.
[21:35:21] No changes to commit.
[21:37:21] No changes to commit.
[21:39:21] No changes to commit.
[21:41:21] No changes to commit.
[21:43:21] No changes to commit.
[21:45:21] No changes to commit.
[21:47:21] No changes to commit.
[21:49:21] No changes to commit.
[21:51:21] No changes to commit.
[21:53:22] No changes to commit.
[21:55:22] No changes to commit.
[21:57:22] No changes to commit.
[21:59:22] No changes to commit.
[22:01:22] No changes to commit.
[22:03:22] No changes to commit.
[22:05:22] No changes to commit.
[22:07:22] No changes to commit.
[22:09:22] No changes to commit.
[22:11:23] No changes to commit.
[22:13:23] No changes to commit.
[22:15:23] No changes to commit.
[22:17:23] No changes to commit.
[22:19:23] No changes to commit.
[22:21:23] No changes to commit.
[22:23:23] No changes to commit.
[22:25:23] No changes to commit.
[22:27:23] No changes to commit.
[22:29:23] No changes to commit.
[22:31:24] No changes to commit.
[22:33:24] No changes to commit.
[22:35:24] No changes to commit.
[22:37:24] No changes to commit.
[22:39:24] No changes to commit.
[22:41:24] No changes to commit.
[22:43:24] No changes to commit.
[22:45:24] No changes to commit.
[22:47:24] No changes to commit.
[22:49:24] No changes to commit.
[22:51:25] No changes to commit.
[22:53:25] No changes to commit.
[22:55:25] No changes to commit.
[22:57:25] No changes to commit.
[22:59:25] No changes to commit.
[23:01:25] No changes to commit.
[23:03:25] No changes to commit.
[23:05:25] No changes to commit.
[23:07:25] No changes to commit.
[23:09:25] No changes to commit.
[23:11:26] No changes to commit.
[23:13:26] No changes to commit.
[23:15:26] No changes to commit.
[23:17:26] No changes to commit.
[23:19:26] No changes to commit.
[23:21:26] No changes to commit.
[23:23:26] No changes to commit.
[23:25:26] No changes to commit.
[23:27:26] No changes to commit.
[23:29:26] No changes to commit.
[23:31:27] No changes to commit.
[23:33:27] No changes to commit.
[23:35:27] No changes to commit.
[23:37:27] No changes to commit.
[23:39:27] No changes to commit.
[23:41:27] No changes to commit.
[23:43:27] No changes to commit.
[23:45:27] No changes to commit.
[23:47:27] No changes to commit.
[23:49:27] No changes to commit.
[23:51:28] No changes to commit.
[23:53:28] No changes to commit.
[23:55:28] No changes to commit.
[23:57:28] No changes to commit.
[23:59:28] No changes to commit.
[00:01:28] No changes to commit.
[00:03:28] No changes to commit.
[00:05:28] No changes to commit.
[00:07:28] No changes to commit.
[00:09:29] No changes to commit.
[00:11:29] No changes to commit.
[00:13:29] No changes to commit.
[00:15:29] No changes to commit.
[00:17:29] No changes to commit.
[00:19:29] No changes to commit.
[00:21:29] No changes to commit.
[00:23:29] No changes to commit.
[00:25:29] No changes to commit.
[00:27:29] No changes to commit.
[00:29:30] No changes to commit.
[00:31:30] No changes to commit.
[00:33:30] No changes to commit.
[00:35:30] No changes to commit.
[00:37:30] No changes to commit.
[00:39:30] No changes to commit.
[00:41:30] No changes to commit.
[00:43:30] No changes to commit.
[00:45:30] No changes to commit.
[00:47:30] No changes to commit.
[00:49:31] No changes to commit.
[00:51:31] No changes to commit.
[00:53:31] No changes to commit.
[00:55:31] No changes to commit.
[00:57:31] No changes to commit.
[00:59:31] No changes to commit.
[02:21:54] No changes to commit.
[07:23:30] No changes to commit.
[09:18:19] No changes to commit.
[11:04:10] No changes to commit.
[11:14:32] No changes to commit.
[11:16:32] No changes to commit.
[11:18:32] No changes to commit.
[11:20:32] No changes to commit.
[11:22:32] No changes to commit.
[11:24:32] No changes to commit.
[11:26:32] No changes to commit.
[11:28:32] No changes to commit.
[11:30:32] No changes to commit.
[11:32:32] No changes to commit.
[11:34:33] No changes to commit.
[11:36:33] No changes to commit.
[11:38:33] No changes to commit.
[11:40:33] No changes to commit.
[11:42:33] No changes to commit.
[11:44:33] No changes to commit.
[11:48:24] No changes to commit.
[11:50:24] No changes to commit.
[11:52:24] No changes to commit.
[11:54:24] No changes to commit.
[11:56:24] No changes to commit.
[11:58:25] No changes to commit.
[12:00:25] No changes to commit.
[12:02:25] No changes to commit.
[12:04:25] No changes to commit.
[12:06:25] No changes to commit.
[12:08:25] No changes to commit.
[12:10:25] No changes to commit.
[12:12:25] No changes to commit.
[12:14:25] No changes to commit.
[12:16:26] No changes to commit.
[12:18:26] No changes to commit.
[12:20:26] No changes to commit.
[12:22:26] No changes to commit.
[12:24:26] No changes to commit.
[12:26:26] No changes to commit.
[12:28:26] No changes to commit.
[12:30:26] No changes to commit.
[12:32:26] No changes to commit.
[12:34:26] No changes to commit.
[12:36:27] No changes to commit.
[12:38:27] No changes to commit.
[12:40:27] No changes to commit.
[12:42:27] No changes to commit.
[12:44:27] No changes to commit.
[12:46:27] No changes to commit.
[12:48:27] No changes to commit.
[12:50:27] No changes to commit.
[12:52:27] No changes to commit.
[12:54:27] No changes to commit.
[12:56:28] No changes to commit.
[12:58:28] No changes to commit.
[13:00:28] No changes to commit.
[13:02:28] No changes to commit.
[13:04:28] No changes to commit.
[13:06:28] No changes to commit.
[13:08:28] No changes to commit.
[13:10:28] No changes to commit.
[13:12:28] No changes to commit.
[13:14:28] No changes to commit.
[13:16:29] No changes to commit.
[13:23:05] No changes to commit.
[13:40:04] No changes to commit.
[13:42:04] No changes to commit.
[13:44:04] No changes to commit.
[13:46:04] No changes to commit.
[13:48:04] No changes to commit.
[13:50:05] No changes to commit.
[13:52:05] No changes to commit.
[13:54:05] No changes to commit.
[13:56:05] No changes to commit.
[13:58:05] No changes to commit.
[14:00:05] No changes to commit.
[14:02:05] No changes to commit.
[14:04:05] No changes to commit.
[14:06:05] No changes to commit.
[14:08:06] No changes to commit.
[14:10:06] No changes to commit.
[14:12:06] No changes to commit.
[14:14:06] No changes to commit.
[14:16:06] No changes to commit.
[14:18:06] No changes to commit.
[14:20:06] No changes to commit.
[14:22:06] No changes to commit.
[14:24:06] No changes to commit.
[14:26:06] No changes to commit.
[14:28:07] No changes to commit.
[14:30:07] No changes to commit.
[14:32:07] No changes to commit.
[14:34:07] No changes to commit.
[14:36:07] No changes to commit.
[14:38:07] No changes to commit.
[14:40:07] No changes to commit.
[14:42:07] No changes to commit.
[14:44:07] No changes to commit.
[14:46:08] No changes to commit.
[14:48:08] No changes to commit.
[14:50:08] No changes to commit.
[14:52:08] No changes to commit.
[14:54:08] No changes to commit.
[14:56:08] No changes to commit.
[14:58:08] No changes to commit.
[15:00:08] No changes to commit.
[15:02:08] No changes to commit.
[15:04:08] No changes to commit.
[15:06:09] No changes to commit.
[15:08:09] No changes to commit.
[15:10:09] No changes to commit.
[15:12:09] No changes to commit.
[15:14:09] No changes to commit.
[15:16:09] No changes to commit.
[15:18:09] No changes to commit.
[15:20:09] No changes to commit.
[15:22:09] No changes to commit.
[15:24:09] No changes to commit.
[15:26:10] No changes to commit.
[15:28:10] No changes to commit.
[15:30:10] No changes to commit.
[15:32:10] No changes to commit.
[15:34:10] No changes to commit.
[15:36:10] No changes to commit.
[15:38:10] No changes to commit.
[15:40:11] No changes to commit.
[15:42:11] No changes to commit.
[15:44:11] No changes to commit.
[15:46:11] No changes to commit.
[15:48:11] No changes to commit.
[15:50:12] No changes to commit.
[15:52:12] No changes to commit.
[15:54:12] No changes to commit.
[15:56:12] No changes to commit.
[15:58:12] No changes to commit.
[16:00:12] No changes to commit.
[16:02:12] No changes to commit.
[16:04:12] No changes to commit.
[16:06:12] No changes to commit.
[16:08:12] No changes to commit.
[16:10:13] No changes to commit.
[16:12:13] No changes to commit.
[16:14:13] No changes to commit.
[16:16:13] No changes to commit.
[16:18:13] No changes to commit.
[16:20:13] No changes to commit.
[16:22:13] No changes to commit.
[16:24:13] No changes to commit.
[16:26:13] No changes to commit.
[16:28:14] No changes to commit.
[16:30:14] No changes to commit.
[16:32:14] No changes to commit.
[16:34:14] No changes to commit.
[16:36:14] No changes to commit.
[16:38:14] No changes to commit.
[16:40:14] No changes to commit.
[16:42:14] No changes to commit.
[17:10:19] No changes to commit.
[17:12:19] No changes to commit.
[17:14:19] No changes to commit.
[17:16:19] No changes to commit.
[17:18:20] No changes to commit.
[17:20:20] No changes to commit.
[17:22:20] No changes to commit.
[17:24:20] No changes to commit.
[17:26:20] No changes to commit.
[17:28:20] No changes to commit.
[17:30:20] No changes to commit.
[17:32:20] No changes to commit.
[17:34:20] No changes to commit.
[17:36:20] No changes to commit.
[17:38:21] No changes to commit.
[17:40:21] No changes to commit.
[17:42:21] No changes to commit.
[17:44:21] No changes to commit.
[17:46:21] No changes to commit.
[17:48:21] No changes to commit.
[17:50:21] No changes to commit.
[17:52:21] No changes to commit.
[17:54:21] No changes to commit.
[17:56:21] No changes to commit.
[17:58:22] No changes to commit.
[18:00:22] No changes to commit.
[18:02:22] No changes to commit.
[18:04:22] No changes to commit.
[18:06:22] No changes to commit.
[18:08:22] No changes to commit.
[18:10:22] No changes to commit.
[18:12:22] No changes to commit.
[18:14:23] No changes to commit.
[18:16:23] No changes to commit.
[18:20:29] No changes to commit.
[18:22:29] No changes to commit.
[18:24:29] No changes to commit.
[18:26:29] No changes to commit.
[18:28:29] No changes to commit.
[18:30:29] No changes to commit.
[18:32:30] No changes to commit.
[18:34:30] No changes to commit.
[18:36:30] No changes to commit.
[18:38:30] No changes to commit.
[18:40:30] No changes to commit.
[18:42:30] No changes to commit.
[18:44:30] No changes to commit.
[18:46:30] No changes to commit.
[18:48:30] No changes to commit.
[18:50:30] No changes to commit.
[18:54:32] No changes to commit.
[18:56:32] No changes to commit.
[18:58:32] No changes to commit.
[19:00:32] No changes to commit.
[19:02:32] No changes to commit.
[19:06:23] No changes to commit.
[19:24:25] No changes to commit.
[19:26:25] No changes to commit.
[19:28:26] No changes to commit.
[19:30:26] No changes to commit.
[19:32:26] No changes to commit.
[19:34:26] No changes to commit.
[19:36:26] No changes to commit.
[19:38:26] No changes to commit.
[19:40:26] No changes to commit.
[19:42:26] No changes to commit.
[19:44:26] No changes to commit.
[19:46:27] No changes to commit.
[19:48:27] No changes to commit.
[19:50:27] No changes to commit.
[19:52:27] No changes to commit.
[19:54:27] No changes to commit.
[19:56:27] No changes to commit.
[19:58:27] No changes to commit.
[20:00:27] No changes to commit.
[20:02:27] No changes to commit.
[20:04:27] No changes to commit.
[20:06:28] No changes to commit.
[20:08:28] No changes to commit.
[20:10:28] No changes to commit.
[20:12:28] No changes to commit.
[20:14:28] No changes to commit.
[21:10:09] No changes to commit.
[21:12:10] No changes to commit.
[21:14:10] No changes to commit.
[21:19:54] No changes to commit.
[21:36:53] No changes to commit.
[21:38:53] No changes to commit.
[21:55:54] No changes to commit.
[21:57:54] No changes to commit.
[21:59:54] No changes to commit.
[22:01:54] No changes to commit.
[22:03:54] No changes to commit.
[22:05:54] No changes to commit.
[22:07:55] No changes to commit.
[22:09:55] No changes to commit.
[22:11:55] No changes to commit.
[22:13:55] No changes to commit.
[22:15:55] No changes to commit.
[22:17:56] No changes to commit.
[22:19:56] No changes to commit.
[22:21:56] No changes to commit.
[22:23:56] No changes to commit.
[22:25:57] No changes to commit.
[22:31:26] No changes to commit.
[22:48:26] No changes to commit.
[22:50:27] No changes to commit.
[22:52:27] No changes to commit.
[22:54:27] No changes to commit.
[22:56:27] No changes to commit.
[22:58:27] No changes to commit.
[23:00:27] No changes to commit.
[23:02:27] No changes to commit.
[23:04:27] No changes to commit.
[23:06:27] No changes to commit.
[23:08:28] No changes to commit.
[23:10:28] No changes to commit.
[23:12:28] No changes to commit.
[23:14:28] No changes to commit.
[23:16:28] No changes to commit.
[23:18:28] No changes to commit.
[23:20:28] No changes to commit.
[23:22:28] No changes to commit.
[23:24:28] No changes to commit.
[23:26:29] No changes to commit.
[23:28:29] No changes to commit.
[23:30:29] No changes to commit.
[23:32:29] No changes to commit.
[23:34:29] No changes to commit.
[23:36:29] No changes to commit.
[23:38:29] No changes to commit.
[23:40:29] No changes to commit.
[23:42:29] No changes to commit.
[23:44:30] No changes to commit.
[23:46:30] No changes to commit.
[23:48:30] No changes to commit.
[23:50:30] No changes to commit.
[23:52:30] No changes to commit.
[23:54:30] No changes to commit.
[23:56:30] No changes to commit.
[23:58:30] No changes to commit.
[00:00:30] No changes to commit.
[00:02:31] No changes to commit.
[00:04:31] No changes to commit.
[00:06:31] No changes to commit.
[00:08:31] No changes to commit.
[00:10:31] No changes to commit.
[00:12:31] No changes to commit.
[00:14:31] No changes to commit.
[00:16:31] No changes to commit.
[00:18:31] No changes to commit.
[00:20:32] No changes to commit.
[00:22:32] No changes to commit.
[00:24:32] No changes to commit.
[00:26:32] No changes to commit.
[00:28:32] No changes to commit.
[00:30:32] No changes to commit.
[00:32:32] No changes to commit.
[00:34:32] No changes to commit.
[00:36:32] No changes to commit.
[00:38:32] No changes to commit.
[00:40:33] No changes to commit.
[00:42:33] No changes to commit.
[00:44:33] No changes to commit.
[00:46:33] No changes to commit.
[00:48:33] No changes to commit.
[00:50:33] No changes to commit.
[00:52:33] No changes to commit.
[00:54:33] No changes to commit.
[00:56:33] No changes to commit.
[00:58:33] No changes to commit.
[01:00:34] No changes to commit.
[01:02:34] No changes to commit.
[01:04:34] No changes to commit.
[01:06:34] No changes to commit.
[01:08:34] No changes to commit.
[01:10:34] No changes to commit.
[01:12:34] No changes to commit.
[01:14:34] No changes to commit.
[01:16:34] No changes to commit.
[01:18:34] No changes to commit.
[01:20:34] No changes to commit.
[01:22:35] No changes to commit.
[01:24:35] No changes to commit.
[01:26:35] No changes to commit.
[01:28:35] No changes to commit.
[01:30:35] No changes to commit.
[01:32:35] No changes to commit.
[01:34:35] No changes to commit.
[01:36:35] No changes to commit.
[01:38:35] No changes to commit.
[01:40:35] No changes to commit.
[01:42:36] No changes to commit.
[01:44:36] No changes to commit.
[01:46:36] No changes to commit.
[01:48:36] No changes to commit.
[01:50:36] No changes to commit.
[01:52:36] No changes to commit.
[01:54:36] No changes to commit.
[01:56:36] No changes to commit.
[01:58:36] No changes to commit.
[02:00:36] No changes to commit.
[02:02:37] No changes to commit.
[02:04:37] No changes to commit.
[02:06:37] No changes to commit.
[02:08:37] No changes to commit.
[02:10:37] No changes to commit.
[02:12:37] No changes to commit.
[02:14:37] No changes to commit.
[02:16:37] No changes to commit.
[02:18:37] No changes to commit.
[02:20:38] No changes to commit.
[02:22:38] No changes to commit.
[02:24:38] No changes to commit.
[02:26:38] No changes to commit.
[02:28:38] No changes to commit.
[02:30:38] No changes to commit.
[02:32:38] No changes to commit.
[02:34:38] No changes to commit.
[02:36:39] No changes to commit.
[02:38:39] No changes to commit.
[02:40:39] No changes to commit.
[02:42:39] No changes to commit.
[02:44:39] No changes to commit.
[02:46:39] No changes to commit.
[02:48:39] No changes to commit.
[02:50:39] No changes to commit.
[02:52:39] No changes to commit.
[02:54:40] No changes to commit.
[02:56:40] No changes to commit.
[02:58:40] No changes to commit.
[03:00:40] No changes to commit.
[03:02:40] No changes to commit.
[03:04:40] No changes to commit.
[03:06:40] No changes to commit.
[03:08:40] No changes to commit.
[03:10:40] No changes to commit.
[03:12:41] No changes to commit.
[03:14:41] No changes to commit.
[03:16:41] No changes to commit.
[03:18:41] No changes to commit.
[03:20:41] No changes to commit.
[03:22:41] No changes to commit.
[03:24:41] No changes to commit.
[03:26:41] No changes to commit.
[03:28:41] No changes to commit.
[03:30:42] No changes to commit.
[03:32:42] No changes to commit.
[03:34:42] No changes to commit.
[03:36:42] No changes to commit.
[03:38:42] No changes to commit.
[03:40:42] No changes to commit.
[03:42:42] No changes to commit.
[03:44:42] No changes to commit.
[03:46:42] No changes to commit.
[03:48:43] No changes to commit.
[03:50:43] No changes to commit.
[03:52:43] No changes to commit.
[03:54:43] No changes to commit.
[03:56:43] No changes to commit.
[03:58:43] No changes to commit.
[04:00:43] No changes to commit.
[04:02:43] No changes to commit.
[04:04:44] No changes to commit.
[04:06:44] No changes to commit.
[04:08:44] No changes to commit.
[04:10:44] No changes to commit.
[04:12:44] No changes to commit.
[04:14:44] No changes to commit.
[04:16:44] No changes to commit.
[04:18:44] No changes to commit.
[04:20:44] No changes to commit.
[04:22:45] No changes to commit.
[04:24:45] No changes to commit.
[04:26:45] No changes to commit.
[04:28:45] No changes to commit.
[04:30:45] No changes to commit.
[04:32:45] No changes to commit.
[04:34:45] No changes to commit.
[04:36:45] No changes to commit.
[04:38:45] No changes to commit.
[04:40:46] No changes to commit.
[04:42:46] No changes to commit.
[04:44:46] No changes to commit.
[04:46:46] No changes to commit.
[04:48:46] No changes to commit.
[04:50:46] No changes to commit.
[04:52:46] No changes to commit.
[04:54:46] No changes to commit.
[04:56:47] No changes to commit.
[04:58:47] No changes to commit.
[05:00:47] No changes to commit.
[05:02:47] No changes to commit.
[05:04:47] No changes to commit.
[05:06:47] No changes to commit.
[05:08:47] No changes to commit.
[05:10:47] No changes to commit.
[05:12:47] No changes to commit.
[05:14:48] No changes to commit.
[05:16:48] No changes to commit.
[05:18:48] No changes to commit.
[05:20:48] No changes to commit.
[05:22:48] No changes to commit.
[05:24:48] No changes to commit.
[05:26:48] No changes to commit.
[05:28:48] No changes to commit.
[05:30:49] No changes to commit.
[05:32:49] No changes to commit.
[05:34:49] No changes to commit.
[05:36:49] No changes to commit.
[05:38:49] No changes to commit.
[05:40:49] No changes to commit.
[05:42:49] No changes to commit.
[05:44:49] No changes to commit.
[05:46:49] No changes to commit.
[05:48:50] No changes to commit.
[05:50:50] No changes to commit.
[05:52:50] No changes to commit.
[05:54:50] No changes to commit.
[05:56:50] No changes to commit.
[05:58:50] No changes to commit.
[06:00:50] No changes to commit.
[06:02:50] No changes to commit.
[06:22:10] No changes to commit.
[06:24:10] No changes to commit.
[06:26:10] No changes to commit.
[06:28:10] No changes to commit.
[06:30:10] No changes to commit.
[06:32:11] No changes to commit.
[06:34:11] No changes to commit.
[06:36:11] No changes to commit.
[06:38:11] No changes to commit.
[06:40:11] No changes to commit.
[06:42:11] No changes to commit.
[06:44:11] No changes to commit.
[06:46:11] No changes to commit.
[06:48:11] No changes to commit.
[06:50:12] No changes to commit.
[06:52:12] No changes to commit.
[06:54:12] No changes to commit.
[06:56:12] No changes to commit.
[06:58:12] No changes to commit.
[07:00:12] No changes to commit.
[07:02:12] No changes to commit.
[07:04:13] No changes to commit.
[07:06:13] No changes to commit.
[07:08:13] No changes to commit.
[07:10:13] No changes to commit.
[07:12:13] No changes to commit.
[07:14:13] No changes to commit.
[07:16:13] No changes to commit.
[07:18:13] No changes to commit.
[07:20:14] No changes to commit.
[07:22:14] No changes to commit.
[07:24:14] No changes to commit.
[07:26:14] No changes to commit.
[07:28:14] No changes to commit.
[07:30:14] No changes to commit.
[07:32:14] No changes to commit.
[07:34:14] No changes to commit.
[07:36:15] No changes to commit.
[07:38:15] No changes to commit.
[07:40:15] No changes to commit.
[07:42:15] No changes to commit.
[07:44:15] No changes to commit.
[07:46:15] No changes to commit.
[07:48:15] No changes to commit.
[07:50:15] No changes to commit.
[07:52:15] No changes to commit.
[07:54:16] No changes to commit.
[07:56:16] No changes to commit.
[07:58:16] No changes to commit.
[08:00:16] No changes to commit.
[08:02:16] No changes to commit.
[08:04:16] No changes to commit.
[08:06:16] No changes to commit.
[08:08:16] No changes to commit.
[08:10:16] No changes to commit.
[08:12:17] No changes to commit.
[08:14:17] No changes to commit.
[08:16:17] No changes to commit.
[08:18:17] No changes to commit.
[08:20:17] No changes to commit.
[08:22:17] No changes to commit.
[08:24:17] No changes to commit.
[08:26:17] No changes to commit.
[08:28:17] No changes to commit.
[08:30:18] No changes to commit.
[08:32:18] No changes to commit.
[08:34:18] No changes to commit.
[08:36:18] No changes to commit.
[08:38:18] No changes to commit.
[08:40:18] No changes to commit.
[08:42:18] No changes to commit.
[08:44:18] No changes to commit.
[08:46:18] No changes to commit.
[08:48:19] No changes to commit.
[08:50:19] No changes to commit.
[08:52:19] No changes to commit.
[08:54:19] No changes to commit.
[08:56:19] No changes to commit.
[08:58:19] No changes to commit.
[09:00:19] No changes to commit.
[09:02:19] No changes to commit.
[09:04:19] No changes to commit.
[09:12:51] No changes to commit.
[09:14:51] No changes to commit.
[09:16:51] No changes to commit.
[09:18:51] No changes to commit.
[09:20:51] No changes to commit.
[09:22:51] No changes to commit.
[09:24:51] No changes to commit.
[09:26:51] No changes to commit.
[09:28:52] No changes to commit.
[09:30:52] No changes to commit.
[09:32:52] No changes to commit.
[09:34:52] No changes to commit.
[09:36:52] No changes to commit.
[09:38:52] No changes to commit.
[09:40:52] No changes to commit.
[09:42:52] No changes to commit.
[09:44:52] No changes to commit.
[09:46:53] No changes to commit.
[09:48:53] No changes to commit.
[09:50:53] No changes to commit.
[09:52:53] No changes to commit.
[09:54:53] No changes to commit.
[09:56:53] No changes to commit.
[09:58:53] No changes to commit.
[10:00:53] No changes to commit.
[10:02:53] No changes to commit.
[10:04:53] No changes to commit.
[10:06:54] No changes to commit.
[10:08:54] No changes to commit.
[10:10:54] No changes to commit.
[10:12:54] No changes to commit.
[10:14:54] No changes to commit.
[10:16:54] No changes to commit.
[10:18:54] No changes to commit.
[10:20:54] No changes to commit.
[10:22:54] No changes to commit.
[10:24:55] No changes to commit.
[10:26:55] No changes to commit.
[10:45:30] No changes to commit.
[10:47:30] No changes to commit.
[10:49:30] No changes to commit.
[10:51:30] No changes to commit.
[10:53:30] No changes to commit.
[10:55:30] No changes to commit.
[10:57:30] No changes to commit.
[10:59:30] No changes to commit.
[11:01:31] No changes to commit.
[11:03:31] No changes to commit.
[11:05:31] No changes to commit.
[11:07:31] No changes to commit.
[11:09:31] No changes to commit.
[11:11:31] No changes to commit.
[11:13:31] No changes to commit.
[11:15:31] No changes to commit.
[11:17:31] No changes to commit.
[11:19:31] No changes to commit.
[11:21:32] No changes to commit.
[11:23:32] No changes to commit.
[11:25:32] No changes to commit.
[11:27:32] No changes to commit.
[11:29:32] No changes to commit.
[11:31:32] No changes to commit.
[11:33:32] No changes to commit.
[11:35:32] No changes to commit.
[11:37:32] No changes to commit.
[11:39:33] No changes to commit.
[11:41:33] No changes to commit.
[11:43:33] No changes to commit.
[11:45:33] No changes to commit.
[11:48:42] No changes to commit.
[11:50:42] No changes to commit.
[11:52:42] No changes to commit.
[11:54:42] No changes to commit.
[11:56:43] No changes to commit.
[11:58:43] No changes to commit.
[12:00:43] No changes to commit.
[12:02:43] No changes to commit.
[12:04:43] No changes to commit.
[12:07:25] No changes to commit.
[12:09:25] No changes to commit.
[12:11:25] No changes to commit.
[12:13:25] No changes to commit.
[12:15:25] No changes to commit.
[12:17:25] No changes to commit.
[12:19:26] No changes to commit.
[12:21:26] No changes to commit.
[12:23:26] No changes to commit.
[12:25:26] No changes to commit.
[12:27:26] No changes to commit.
[12:29:26] No changes to commit.
[12:31:26] No changes to commit.
[12:33:26] No changes to commit.
[12:35:26] No changes to commit.
[12:37:26] No changes to commit.
[12:39:27] No changes to commit.
[12:41:27] No changes to commit.
[12:43:27] No changes to commit.
[13:21:37] No changes to commit.
[15:03:22] No changes to commit.
[16:46:07] No changes to commit.
[16:48:07] No changes to commit.
[16:50:07] No changes to commit.
[16:52:07] No changes to commit.
[16:54:08] No changes to commit.
[16:56:08] No changes to commit.
[16:58:08] No changes to commit.
[17:00:08] No changes to commit.
[17:02:08] No changes to commit.
[17:04:08] No changes to commit.
[17:06:08] No changes to commit.
[18:46:54] No changes to commit.
[20:37:17] No changes to commit.
[22:27:43] No changes to commit.
[01:46:19] No changes to commit.
[03:02:34] No changes to commit.
[06:04:26] No changes to commit.
[08:27:14] No changes to commit.
[09:39:49] No changes to commit.
[11:56:42] No changes to commit.
[12:13:33] No changes to commit.
[12:15:33] No changes to commit.
[12:17:33] No changes to commit.
[12:19:33] No changes to commit.
[12:21:33] No changes to commit.
[12:23:33] No changes to commit.
[12:25:33] No changes to commit.
[12:27:33] No changes to commit.
[12:29:33] No changes to commit.
[12:31:34] No changes to commit.
[12:33:34] No changes to commit.
[12:35:34] No changes to commit.
[12:37:34] No changes to commit.
[12:39:34] No changes to commit.
[12:41:34] No changes to commit.
[12:43:34] No changes to commit.
[12:45:34] No changes to commit.
[12:47:35] No changes to commit.
[12:49:35] No changes to commit.
[12:51:35] No changes to commit.
[12:53:35] No changes to commit.
[12:55:35] No changes to commit.
[12:57:35] No changes to commit.
[12:59:35] No changes to commit.
[13:01:35] No changes to commit.
[13:03:35] No changes to commit.
[13:05:35] No changes to commit.
[13:07:35] No changes to commit.
[13:09:36] No changes to commit.
[13:11:36] No changes to commit.
[13:13:36] No changes to commit.
[13:15:36] No changes to commit.
[13:17:36] No changes to commit.
